Archive member included to satisfy reference by file (symbol)

/home/alex/Documents/Application/arm-gnu-toolchain-15.2.rel1-x86_64-arm-none-eabi/bin/../lib/gcc/arm-none-eabi/15.2.1/../../../../arm-none-eabi/lib/thumb/v7-m/nofp/libc_nano.a(libc_a-exit.o)
                              /home/alex/Documents/Application/arm-gnu-toolchain-15.2.rel1-x86_64-arm-none-eabi/bin/../lib/gcc/arm-none-eabi/15.2.1/../../../../arm-none-eabi/lib/thumb/v7-m/nofp/crt0.o (exit)
/home/alex/Documents/Application/arm-gnu-toolchain-15.2.rel1-x86_64-arm-none-eabi/bin/../lib/gcc/arm-none-eabi/15.2.1/../../../../arm-none-eabi/lib/thumb/v7-m/nofp/libc_nano.a(libc_a-findfp.o)
                              /home/alex/Documents/Application/arm-gnu-toolchain-15.2.rel1-x86_64-arm-none-eabi/bin/../lib/gcc/arm-none-eabi/15.2.1/../../../../arm-none-eabi/lib/thumb/v7-m/nofp/libc_nano.a(libc_a-exit.o) (__stdio_exit_handler)
/home/alex/Documents/Application/arm-gnu-toolchain-15.2.rel1-x86_64-arm-none-eabi/bin/../lib/gcc/arm-none-eabi/15.2.1/../../../../arm-none-eabi/lib/thumb/v7-m/nofp/libc_nano.a(libc_a-fwalk.o)
                              /home/alex/Documents/Application/arm-gnu-toolchain-15.2.rel1-x86_64-arm-none-eabi/bin/../lib/gcc/arm-none-eabi/15.2.1/../../../../arm-none-eabi/lib/thumb/v7-m/nofp/libc_nano.a(libc_a-findfp.o) (_fwalk_sglue)
/home/alex/Documents/Application/arm-gnu-toolchain-15.2.rel1-x86_64-arm-none-eabi/bin/../lib/gcc/arm-none-eabi/15.2.1/../../../../arm-none-eabi/lib/thumb/v7-m/nofp/libc_nano.a(libc_a-stdio.o)
                              /home/alex/Documents/Application/arm-gnu-toolchain-15.2.rel1-x86_64-arm-none-eabi/bin/../lib/gcc/arm-none-eabi/15.2.1/../../../../arm-none-eabi/lib/thumb/v7-m/nofp/libc_nano.a(libc_a-findfp.o) (__sread)
/home/alex/Documents/Application/arm-gnu-toolchain-15.2.rel1-x86_64-arm-none-eabi/bin/../lib/gcc/arm-none-eabi/15.2.1/../../../../arm-none-eabi/lib/thumb/v7-m/nofp/libc_nano.a(libc_a-memset.o)
                              /home/alex/Documents/Application/arm-gnu-toolchain-15.2.rel1-x86_64-arm-none-eabi/bin/../lib/gcc/arm-none-eabi/15.2.1/../../../../arm-none-eabi/lib/thumb/v7-m/nofp/crt0.o (memset)
/home/alex/Documents/Application/arm-gnu-toolchain-15.2.rel1-x86_64-arm-none-eabi/bin/../lib/gcc/arm-none-eabi/15.2.1/../../../../arm-none-eabi/lib/thumb/v7-m/nofp/libc_nano.a(libc_a-closer.o)
                              /home/alex/Documents/Application/arm-gnu-toolchain-15.2.rel1-x86_64-arm-none-eabi/bin/../lib/gcc/arm-none-eabi/15.2.1/../../../../arm-none-eabi/lib/thumb/v7-m/nofp/libc_nano.a(libc_a-stdio.o) (_close_r)
/home/alex/Documents/Application/arm-gnu-toolchain-15.2.rel1-x86_64-arm-none-eabi/bin/../lib/gcc/arm-none-eabi/15.2.1/../../../../arm-none-eabi/lib/thumb/v7-m/nofp/libc_nano.a(libc_a-reent.o)
                              /home/alex/Documents/Application/arm-gnu-toolchain-15.2.rel1-x86_64-arm-none-eabi/bin/../lib/gcc/arm-none-eabi/15.2.1/../../../../arm-none-eabi/lib/thumb/v7-m/nofp/libc_nano.a(libc_a-closer.o) (errno)
/home/alex/Documents/Application/arm-gnu-toolchain-15.2.rel1-x86_64-arm-none-eabi/bin/../lib/gcc/arm-none-eabi/15.2.1/../../../../arm-none-eabi/lib/thumb/v7-m/nofp/libc_nano.a(libc_a-impure.o)
                              /home/alex/Documents/Application/arm-gnu-toolchain-15.2.rel1-x86_64-arm-none-eabi/bin/../lib/gcc/arm-none-eabi/15.2.1/../../../../arm-none-eabi/lib/thumb/v7-m/nofp/libc_nano.a(libc_a-reent.o) (_impure_ptr)
/home/alex/Documents/Application/arm-gnu-toolchain-15.2.rel1-x86_64-arm-none-eabi/bin/../lib/gcc/arm-none-eabi/15.2.1/../../../../arm-none-eabi/lib/thumb/v7-m/nofp/libc_nano.a(libc_a-lseekr.o)
                              /home/alex/Documents/Application/arm-gnu-toolchain-15.2.rel1-x86_64-arm-none-eabi/bin/../lib/gcc/arm-none-eabi/15.2.1/../../../../arm-none-eabi/lib/thumb/v7-m/nofp/libc_nano.a(libc_a-stdio.o) (_lseek_r)
/home/alex/Documents/Application/arm-gnu-toolchain-15.2.rel1-x86_64-arm-none-eabi/bin/../lib/gcc/arm-none-eabi/15.2.1/../../../../arm-none-eabi/lib/thumb/v7-m/nofp/libc_nano.a(libc_a-readr.o)
                              /home/alex/Documents/Application/arm-gnu-toolchain-15.2.rel1-x86_64-arm-none-eabi/bin/../lib/gcc/arm-none-eabi/15.2.1/../../../../arm-none-eabi/lib/thumb/v7-m/nofp/libc_nano.a(libc_a-stdio.o) (_read_r)
/home/alex/Documents/Application/arm-gnu-toolchain-15.2.rel1-x86_64-arm-none-eabi/bin/../lib/gcc/arm-none-eabi/15.2.1/../../../../arm-none-eabi/lib/thumb/v7-m/nofp/libc_nano.a(libc_a-writer.o)
                              /home/alex/Documents/Application/arm-gnu-toolchain-15.2.rel1-x86_64-arm-none-eabi/bin/../lib/gcc/arm-none-eabi/15.2.1/../../../../arm-none-eabi/lib/thumb/v7-m/nofp/libc_nano.a(libc_a-stdio.o) (_write_r)
/home/alex/Documents/Application/arm-gnu-toolchain-15.2.rel1-x86_64-arm-none-eabi/bin/../lib/gcc/arm-none-eabi/15.2.1/../../../../arm-none-eabi/lib/thumb/v7-m/nofp/libc_nano.a(libc_a-init.o)
[...]
Memory Configuration

Name             Origin             Length             Attributes
RAM              0x20000000         0x00005000         xrw
FLASH            0x08000000         0x00020000         xr
*default*        0x00000000         0xffffffff

Linker script and memory map

LOAD /home/alex/Documents/Application/arm-gnu-toolchain-15.2.rel1-x86_64-arm-none-eabi/bin/../lib/gcc/arm-none-eabi/15.2.1/thumb/v7-m/nofp/crti.o
LOAD /home/alex/Documents/Application/arm-gnu-toolchain-15.2.rel1-x86_64-arm-none-eabi/bin/../lib/gcc/arm-none-eabi/15.2.1/thumb/v7-m/nofp/crtbegin.o
LOAD /home/alex/Documents/Application/arm-gnu-toolchain-15.2.rel1-x86_64-arm-none-eabi/bin/../lib/gcc/arm-none-eabi/15.2.1/../../../../arm-none-eabi/lib/thumb/v7-m/nofp/crt0.o
START GROUP
LOAD /home/alex/Documents/Application/arm-gnu-toolchain-15.2.rel1-x86_64-arm-none-eabi/bin/../lib/gcc/arm-none-eabi/15.2.1/../../../../arm-none-eabi/lib/thumb/v7-m/nofp/libc_nano.a
LOAD /home/alex/Documents/Application/arm-gnu-toolchain-15.2.rel1-x86_64-arm-none-eabi/bin/../lib/gcc/arm-none-eabi/15.2.1/../../../../arm-none-eabi/lib/thumb/v7-m/nofp/libm.a
END GROUP
LOAD CMakeFiles/range-test-rx.dir/Core/Src/main.c.obj
LOAD CMakeFiles/range-test-rx.dir/Core/Src/stm32f1xx_it.c.obj
LOAD CMakeFiles/range-test-rx.dir/Core/Src/stm32f1xx_hal_msp.c.obj
LOAD CMakeFiles/range-test-rx.dir/Core/Src/system_stm32f1xx.c.obj
LOAD CMakeFiles/range-test-rx.dir/Drivers/STM32F1xx_HAL_Driver/Src/stm32f1xx_hal.c.obj
LOAD CMakeFiles/range-test-rx.dir/Drivers/STM32F1xx_HAL_Driver/Src/stm32f1xx_hal_rcc.c.obj
LOAD CMakeFiles/range-test-rx.dir/Drivers/STM32F1xx_HAL_Driver/Src/stm32f1xx_hal_rcc_ex.c.obj
LOAD CMakeFiles/range-test-rx.dir/Drivers/STM32F1xx_HAL_Driver/Src/stm32f1xx_hal_flash.c.obj
LOAD CMakeFiles/range-test-rx.dir/Drivers/STM32F1xx_HAL_Driver/Src/stm32f1xx_hal_flash_ex.c.obj
LOAD CMakeFiles/range-test-rx.dir/Drivers/STM32F1xx_HAL_Driver/Src/stm32f1xx_hal_gpio.c.obj
LOAD CMakeFiles/range-test-rx.dir/Drivers/STM32F1xx_HAL_Driver/Src/stm32f1xx_hal_gpio_ex.c.obj
LOAD CMakeFiles/range-test-rx.dir/Drivers/STM32F1xx_HAL_Driver/Src/stm32f1xx_hal_dma.c.obj
LOAD CMakeFiles/range-test-rx.dir/Drivers/STM32F1xx_HAL_Driver/Src/stm32f1xx_hal_pwr.c.obj
LOAD CMakeFiles/range-test-rx.dir/Drivers/STM32F1xx_HAL_Driver/Src/stm32f1xx_hal_cortex.c.obj
LOAD CMakeFiles/range-test-rx.dir/Drivers/STM32F1xx_HAL_Driver/Src/stm32f1xx_hal_exti.c.obj
LOAD CMakeFiles/range-test-rx.dir/Drivers/STM32F1xx_HAL_Driver/Src/stm32f1xx_hal_uart.c.obj
LOAD CMakeFiles/range-test-rx.dir/Drivers/CMSIS/Device/ST/STM32F1xx/Source/Templates/gcc/startup_stm32f103xb.s.obj
START GROUP
LOAD /home/alex/Documents/Application/arm-gnu-toolchain-15.2.rel1-x86_64-arm-none-eabi/bin/../lib/gcc/arm-none-eabi/15.2.1/thumb/v7-m/nofp/libgcc.a
LOAD /home/alex/Documents/Application/arm-gnu-toolchain-15.2.rel1-x86_64-arm-none-eabi/bin/../lib/gcc/arm-none-eabi/15.2.1/../../../../arm-none-eabi/lib/thumb/v7-m/nofp/libg_nano.a
LOAD /home/alex/Documents/Application/arm-gnu-toolchain-15.2.rel1-x86_64-arm-none-eabi/bin/../lib/gcc/arm-none-eabi/15.2.1/../../../../arm-none-eabi/lib/thumb/v7-m/nofp/libc_nano.a
END GROUP
START GROUP
LOAD /home/alex/Documents/Application/arm-gnu-toolchain-15.2.rel1-x86_64-arm-none-eabi/bin/../lib/gcc/arm-none-eabi/15.2.1/thumb/v7-m/nofp/libgcc.a
LOAD /home/alex/Documents/Application/arm-gnu-toolchain-15.2.rel1-x86_64-arm-none-eabi/bin/../lib/gcc/arm-none-eabi/15.2.1/../../../../arm-none-eabi/lib/thumb/v7-m/nofp/libc_nano.a
LOAD /home/alex/Documents/Application/arm-gnu-toolchain-15.2.rel1-x86_64-arm-none-eabi/bin/../lib/gcc/arm-none-eabi/15.2.1/../../../../arm-none-eabi/lib/thumb/v7-m/nofp/libnosys.a
END GROUP
START GROUP
LOAD /home/alex/Documents/Application/arm-gnu-toolchain-15.2.rel1-x86_64-arm-none-eabi/bin/../lib/gcc/arm-none-eabi/15.2.1/thumb/v7-m/nofp/libgcc.a
LOAD /home/alex/Documents/Application/arm-gnu-toolchain-15.2.rel1-x86_64-arm-none-eabi/bin/../lib/gcc/arm-none-eabi/15.2.1/../../../../arm-none-eabi/lib/thumb/v7-m/nofp/libc_nano.a
LOAD /home/alex/Documents/Application/arm-gnu-toolchain-15.2.rel1-x86_64-arm-none-eabi/bin/../lib/gcc/arm-none-eabi/15.2.1/../../../../arm-none-eabi/lib/thumb/v7-m/nofp/libnosys.a
END GROUP
LOAD /home/alex/Documents/Application/arm-gnu-toolchain-15.2.rel1-x86_64-arm-none-eabi/bin/../lib/gcc/arm-none-eabi/15.2.1/thumb/v7-m/nofp/crtend.o
LOAD /home/alex/Documents/Application/arm-gnu-toolchain-15.2.rel1-x86_64-arm-none-eabi/bin/../lib/gcc/arm-none-eabi/15.2.1/thumb/v7-m/nofp/crtn.o
                0x20005000                        _estack = (ORIGIN (RAM) + LENGTH (RAM))
                0x00000200                        _Min_Heap_Size = 0x200
                0x00000400                        _Min_Stack_Size = 0x400

.isr_vector     0x08000000      0x10c
                0x08000000                        . = ALIGN (0x4)
 *(.isr_vector)
 .isr_vector    0x08000000      0x10c CMakeFiles/range-test-rx.dir/Drivers/CMSIS/Device/ST/STM32F1xx/Source/Templates/gcc/startup_stm32f103xb.s.obj
                0x08000000                g_pfnVectors
                0x0800010c                        . = ALIGN (0x4)

.text           0x0800010c     0x3b0c
                0x0800010c                        . = ALIGN (0x4)
 *(.text)
 .text          0x0800010c       0x14 /home/alex/Documents/Application/arm-gnu-toolchain-15.2.rel1-x86_64-arm-none-eabi/bin/../lib/gcc/arm-none-eabi/15.2.1/../../../../arm-none-eabi/lib/thumb/v7-m/nofp/libg_nano.a(libc_a-strcmp.o)
                0x0800010c                strcmp
 .text          0x08000120       0x10 /home/alex/Documents/Application/arm-gnu-toolchain-15.2.rel1-x86_64-arm-none-eabi/bin/../lib/gcc/arm-none-eabi/15.2.1/../../../../arm-none-eabi/lib/thumb/v7-m/nofp/libg_nano.a(libc_a-strlen.o)
                0x08000120                strlen
 *(.text*)
 .text.deregister_tm_clones
                0x08000130       0x1c /home/alex/Documents/Application/arm-gnu-toolchain-15.2.rel1-x86_64-arm-none-eabi/bin/../lib/gcc/arm-none-eabi/15.2.1/thumb/v7-m/nofp/crtbegin.o
 .text.register_tm_clones
                0x0800014c       0x24 /home/alex/Documents/Application/arm-gnu-toolchain-15.2.rel1-x86_64-arm-none-eabi/bin/../lib/gcc/arm-none-eabi/15.2.1/thumb/v7-m/nofp/crtbegin.o
 .text.__do_global_dtors_aux
                0x08000170       0x28 /home/alex/Documents/Application/arm-gnu-toolchain-15.2.rel1-x86_64-arm-none-eabi/bin/../lib/gcc/arm-none-eabi/15.2.1/thumb/v7-m/nofp/crtbegin.o
 .text.frame_dummy
                0x08000198       0x24 /home/alex/Documents/Application/arm-gnu-toolchain-15.2.rel1-x86_64-arm-none-eabi/bin/../lib/gcc/arm-none-eabi/15.2.1/thumb/v7-m/nofp/crtbegin.o
 .text.memset   0x080001bc       0x10 /home/alex/Documents/Application/arm-gnu-toolchain-15.2.rel1-x86_64-arm-none-eabi/bin/../lib/gcc/arm-none-eabi/15.2.1/../../../../arm-none-eabi/lib/thumb/v7-m/nofp/libc_nano.a(libc_a-memset.o)
                0x080001bc                memset
 .text.__libc_init_array
                0x080001cc       0x48 /home/alex/Documents/Application/arm-gnu-toolchain-15.2.rel1-x86_64-arm-none-eabi/bin/../lib/gcc/arm-none-eabi/15.2.1/../../../../arm-none-eabi/lib/thumb/v7-m/nofp/libc_nano.a(libc_a-init.o)
                0x080001cc                __libc_init_array
 .text.__retarget_lock_acquire_recursive
                0x08000214        0x2 /home/alex/Documents/Application/arm-gnu-toolchain-15.2.rel1-x86_64-arm-none-eabi/bin/../lib/gcc/arm-none-eabi/15.2.1/../../../../arm-none-eabi/lib/thumb/v7-m/nofp/libc_nano.a(libc_a-lock.o)
                0x08000214                __retarget_lock_acquire_recursive
 .text.__retarget_lock_release_recursive
                0x08000216        0x2 /home/alex/Documents/Application/arm-gnu-toolchain-15.2.rel1-x86_64-arm-none-eabi/bin/../lib/gcc/arm-none-eabi/15.2.1/../../../../arm-none-eabi/lib/thumb/v7-m/nofp/libc_nano.a(libc_a-lock.o)
                0x08000216                __retarget_lock_release_recursive
 .text._free_r  0x08000218       0x94 /home/alex/Documents/Application/arm-gnu-toolchain-15.2.rel1-x86_64-arm-none-eabi/bin/../lib/gcc/arm-none-eabi/15.2.1/../../../../arm-none-eabi/lib/thumb/v7-m/nofp/libc_nano.a(libc_a-freer.o)
                0x08000218                _free_r
 .text.sbrk_aligned
                0x080002ac       0x44 /home/alex/Documents/Application/arm-gnu-toolchain-15.2.rel1-x86_64-arm-none-eabi/bin/../lib/gcc/arm-none-eabi/15.2.1/../../../../arm-none-eabi/lib/thumb/v7-m/nofp/libc_nano.a(libc_a-mallocr.o)
 .text._malloc_r
                0x080002f0       0xf8 /home/alex/Documents/Application/arm-gnu-toolchain-15.2.rel1-x86_64-arm-none-eabi/bin/../lib/gcc/arm-none-eabi/15.2.1/../../../../arm-none-eabi/lib/thumb/v7-m/nofp/libc_nano.a(libc_a-mallocr.o)
                0x080002f0                _malloc_r
 .text.__malloc_lock
                0x080003e8        0xc /home/alex/Documents/Application/arm-gnu-toolchain-15.2.rel1-x86_64-arm-none-eabi/bin/../lib/gcc/arm-none-eabi/15.2.1/../../../../arm-none-eabi/lib/thumb/v7-m/nofp/libc_nano.a(libc_a-mlock.o)
                0x080003e8                __malloc_lock
 .text.__malloc_unlock
                0x080003f4        0xc /home/alex/Documents/Application/arm-gnu-toolchain-15.2.rel1-x86_64-arm-none-eabi/bin/../lib/gcc/arm-none-eabi/15.2.1/../../../../arm-none-eabi/lib/thumb/v7-m/nofp/libc_nano.a(libc_a-mlock.o)
                0x080003f4                __malloc_unlock
 .text._sbrk_r  0x08000400       0x20 /home/alex/Documents/Application/arm-gnu-toolchain-15.2.rel1-x86_64-arm-none-eabi/bin/../lib/gcc/arm-none-eabi/15.2.1/../../../../arm-none-eabi/lib/thumb/v7-m/nofp/libc_nano.a(libc_a-sbrkr.o)
                0x08000400                _sbrk_r
 .text.Debug_Log
                0x08000420       0x38 CMakeFiles/range-test-rx.dir/Core/Src/main.c.obj
 .text.RN2483_UART_Init
                0x08000458       0xd4 CMakeFiles/range-test-rx.dir/Core/Src/main.c.obj
 .text.RN2483_Flush
                0x0800052c       0x28 CMakeFiles/range-test-rx.dir/Core/Src/main.c.obj
 .text.RN2483_ReadLine
                0x08000554       0x9c CMakeFiles/range-test-rx.dir/Core/Src/main.c.obj
 .text.RN2483_Command
                0x080005f0       0x50 CMakeFiles/range-test-rx.dir/Core/Src/main.c.obj
 .text.RN2483_CommandChecked
                0x08000640       0x50 CMakeFiles/range-test-rx.dir/Core/Src/main.c.obj
 .text.RN2483_TransmitText
                0x08000690      0x17c CMakeFiles/range-test-rx.dir/Core/Src/main.c.obj
 .text.Serial_Command_Init
                0x0800080c       0x70 CMakeFiles/range-test-rx.dir/Core/Src/main.c.obj
 .text.Serial_TakeCommand
                0x0800087c       0xc8 CMakeFiles/range-test-rx.dir/Core/Src/main.c.obj
 .text.Serial_CommandValid
                0x08000944       0xec CMakeFiles/range-test-rx.dir/Core/Src/main.c.obj
 .text.HAL_UART_RxCpltCallback
                0x08000a30      0x16c CMakeFiles/range-test-rx.dir/Core/Src/main.c.obj
                0x08000a30                HAL_UART_RxCpltCallback
 .text.HAL_UART_ErrorCallback
                0x08000b9c       0x2c CMakeFiles/range-test-rx.dir/Core/Src/main.c.obj
                0x08000b9c                HAL_UART_ErrorCallback
 .text.Hex_Nibble
                0x08000bc8       0x4e CMakeFiles/range-test-rx.dir/Core/Src/main.c.obj
 *fill*         0x08000c16        0x2 
 .text.main     0x08000c18      0x6b4 CMakeFiles/range-test-rx.dir/Core/Src/main.c.obj
                0x08000c18                main
 .text.SystemClock_Config
                0x080012cc       0x82 CMakeFiles/range-test-rx.dir/Core/Src/main.c.obj
                0x080012cc                SystemClock_Config
 *fill*         0x0800134e        0x2 
 .text.MX_USART2_UART_Init
                0x08001350       0x54 CMakeFiles/range-test-rx.dir/Core/Src/main.c.obj
 .text.MX_GPIO_Init
                0x080013a4       0xdc CMakeFiles/range-test-rx.dir/Core/Src/main.c.obj
 .text.Error_Handler
                0x08001480        0xc CMakeFiles/range-test-rx.dir/Core/Src/main.c.obj
                0x08001480                Error_Handler
 .text.NMI_Handler
                0x0800148c        0x8 CMakeFiles/range-test-rx.dir/Core/Src/stm32f1xx_it.c.obj
                0x0800148c                NMI_Handler
 .text.HardFault_Handler
                0x08001494        0x8 CMakeFiles/range-test-rx.dir/Core/Src/stm32f1xx_it.c.obj
                0x08001494                HardFault_Handler
 .text.MemManage_Handler
                0x0800149c        0x8 CMakeFiles/range-test-rx.dir/Core/Src/stm32f1xx_it.c.obj
                0x0800149c                MemManage_Handler
 .text.BusFault_Handler
                0x080014a4        0x8 CMakeFiles/range-test-rx.dir/Core/Src/stm32f1xx_it.c.obj
                0x080014a4                BusFault_Handler
 .text.UsageFault_Handler
                0x080014ac        0x8 CMakeFiles/range-test-rx.dir/Core/Src/stm32f1xx_it.c.obj
                0x080014ac                UsageFault_Handler
 .text.SVC_Handler
                0x080014b4        0xc CMakeFiles/range-test-rx.dir/Core/Src/stm32f1xx_it.c.obj
                0x080014b4                SVC_Handler
 .text.DebugMon_Handler
                0x080014c0        0xc CMakeFiles/range-test-rx.dir/Core/Src/stm32f1xx_it.c.obj
                0x080014c0                DebugMon_Handler
 .text.PendSV_Handler
                0x080014cc        0xc CMakeFiles/range-test-rx.dir/Core/Src/stm32f1xx_it.c.obj
                0x080014cc                PendSV_Handler
 .text.SysTick_Handler
                0x080014d8        0xc CMakeFiles/range-test-rx.dir/Core/Src/stm32f1xx_it.c.obj
                0x080014d8                SysTick_Handler
 .text.USART2_IRQHandler
                0x080014e4       0x14 CMakeFiles/range-test-rx.dir/Core/Src/stm32f1xx_it.c.obj
                0x080014e4                USART2_IRQHandler
 .text.EXTI15_10_IRQHandler
                0x080014f8       0x10 CMakeFiles/range-test-rx.dir/Core/Src/stm32f1xx_it.c.obj
                0x080014f8                EXTI15_10_IRQHandler
 .text.HAL_MspInit
                0x08001508       0x64 CMakeFiles/range-test-rx.dir/Core/Src/stm32f1xx_hal_msp.c.obj
                0x08001508                HAL_MspInit
 .text.HAL_UART_MspInit
                0x0800156c       0xa4 CMakeFiles/range-test-rx.dir/Core/Src/stm32f1xx_hal_msp.c.obj
                0x0800156c                HAL_UART_MspInit
 .text.SystemInit
                0x08001610        0xc CMakeFiles/range-test-rx.dir/Core/Src/system_stm32f1xx.c.obj
                0x08001610                SystemInit
 .text.HAL_Init
                0x0800161c       0x2c CMakeFiles/range-test-rx.dir/Drivers/STM32F1xx_HAL_Driver/Src/stm32f1xx_hal.c.obj
                0x0800161c                HAL_Init
 .text.HAL_InitTick
                0x08001648       0x60 CMakeFiles/range-test-rx.dir/Drivers/STM32F1xx_HAL_Driver/Src/stm32f1xx_hal.c.obj
                0x08001648                HAL_InitTick
 .text.HAL_IncTick
                0x080016a8       0x24 CMakeFiles/range-test-rx.dir/Drivers/STM32F1xx_HAL_Driver/Src/stm32f1xx_hal.c.obj
                0x080016a8                HAL_IncTick
 .text.HAL_GetTick
                0x080016cc       0x14 CMakeFiles/range-test-rx.dir/Drivers/STM32F1xx_HAL_Driver/Src/stm32f1xx_hal.c.obj
                0x080016cc                HAL_GetTick
 .text.HAL_Delay
                0x080016e0       0x48 CMakeFiles/range-test-rx.dir/Drivers/STM32F1xx_HAL_Driver/Src/stm32f1xx_hal.c.obj
                0x080016e0                HAL_Delay
 .text.HAL_RCC_OscConfig
                0x08001728      0x504 CMakeFiles/range-test-rx.dir/Drivers/STM32F1xx_HAL_Driver/Src/stm32f1xx_hal_rcc.c.obj
                0x08001728                HAL_RCC_OscConfig
 .text.HAL_RCC_ClockConfig
                0x08001c2c      0x1d4 CMakeFiles/range-test-rx.dir/Drivers/STM32F1xx_HAL_Driver/Src/stm32f1xx_hal_rcc.c.obj
                0x08001c2c                HAL_RCC_ClockConfig
 .text.HAL_RCC_GetSysClockFreq
                0x08001e00       0xa8 CMakeFiles/range-test-rx.dir/Drivers/STM32F1xx_HAL_Driver/Src/stm32f1xx_hal_rcc.c.obj
                0x08001e00                HAL_RCC_GetSysClockFreq
 .text.HAL_RCC_GetHCLKFreq
                0x08001ea8       0x14 CMakeFiles/range-test-rx.dir/Drivers/STM32F1xx_HAL_Driver/Src/stm32f1xx_hal_rcc.c.obj
                0x08001ea8                HAL_RCC_GetHCLKFreq
 .text.HAL_RCC_GetPCLK1Freq
                0x08001ebc       0x28 CMakeFiles/range-test-rx.dir/Drivers/STM32F1xx_HAL_Driver/Src/stm32f1xx_hal_rcc.c.obj
                0x08001ebc                HAL_RCC_GetPCLK1Freq
 .text.HAL_RCC_GetPCLK2Freq
                0x08001ee4       0x28 CMakeFiles/range-test-rx.dir/Drivers/STM32F1xx_HAL_Driver/Src/stm32f1xx_hal_rcc.c.obj
                0x08001ee4                HAL_RCC_GetPCLK2Freq
 .text.RCC_Delay
                0x08001f0c       0x3c CMakeFiles/range-test-rx.dir/Drivers/STM32F1xx_HAL_Driver/Src/stm32f1xx_hal_rcc.c.obj
 .text.HAL_GPIO_Init
                0x08001f48      0x2dc CMakeFiles/range-test-rx.dir/Drivers/STM32F1xx_HAL_Driver/Src/stm32f1xx_hal_gpio.c.obj
                0x08001f48                HAL_GPIO_Init
 .text.HAL_GPIO_WritePin
                0x08002224       0x30 CMakeFiles/range-test-rx.dir/Drivers/STM32F1xx_HAL_Driver/Src/stm32f1xx_hal_gpio.c.obj
                0x08002224                HAL_GPIO_WritePin
 .text.HAL_GPIO_TogglePin
                0x08002254       0x32 CMakeFiles/range-test-rx.dir/Drivers/STM32F1xx_HAL_Driver/Src/stm32f1xx_hal_gpio.c.obj
                0x08002254                HAL_GPIO_TogglePin
 *fill*         0x08002286        0x2 
 .text.HAL_GPIO_EXTI_IRQHandler
                0x08002288       0x30 CMakeFiles/range-test-rx.dir/Drivers/STM32F1xx_HAL_Driver/Src/stm32f1xx_hal_gpio.c.obj
                0x08002288                HAL_GPIO_EXTI_IRQHandler
 .text.HAL_GPIO_EXTI_Callback
                0x080022b8       0x14 CMakeFiles/range-test-rx.dir/Drivers/STM32F1xx_HAL_Driver/Src/stm32f1xx_hal_gpio.c.obj
                0x080022b8                HAL_GPIO_EXTI_Callback
 .text.HAL_DMA_Abort
                0x080022cc       0x76 CMakeFiles/range-test-rx.dir/Drivers/STM32F1xx_HAL_Driver/Src/stm32f1xx_hal_dma.c.obj
                0x080022cc                HAL_DMA_Abort
 *fill*         0x08002342        0x2 
 .text.HAL_DMA_Abort_IT
                0x08002344       0xf0 CMakeFiles/range-test-rx.dir/Drivers/STM32F1xx_HAL_Driver/Src/stm32f1xx_hal_dma.c.obj
                0x08002344                HAL_DMA_Abort_IT
 .text.__NVIC_SetPriorityGrouping
                0x08002434       0x48 CMakeFiles/range-test-rx.dir/Drivers/STM32F1xx_HAL_Driver/Src/stm32f1xx_hal_cortex.c.obj
 .text.__NVIC_GetPriorityGrouping
                0x0800247c       0x1c CMakeFiles/range-test-rx.dir/Drivers/STM32F1xx_HAL_Driver/Src/stm32f1xx_hal_cortex.c.obj
 .text.__NVIC_EnableIRQ
                0x08002498       0x38 CMakeFiles/range-test-rx.dir/Drivers/STM32F1xx_HAL_Driver/Src/stm32f1xx_hal_cortex.c.obj
 .text.__NVIC_SetPriority
                0x080024d0       0x54 CMakeFiles/range-test-rx.dir/Drivers/STM32F1xx_HAL_Driver/Src/stm32f1xx_hal_cortex.c.obj
 .text.NVIC_EncodePriority
                0x08002524       0x6e CMakeFiles/range-test-rx.dir/Drivers/STM32F1xx_HAL_Driver/Src/stm32f1xx_hal_cortex.c.obj
 *fill*         0x08002592        0x2 
 .text.SysTick_Config
                0x08002594       0x44 CMakeFiles/range-test-rx.dir/Drivers/STM32F1xx_HAL_Driver/Src/stm32f1xx_hal_cortex.c.obj
 .text.HAL_NVIC_SetPriorityGrouping
                0x080025d8       0x16 CMakeFiles/range-test-rx.dir/Drivers/STM32F1xx_HAL_Driver/Src/stm32f1xx_hal_cortex.c.obj
                0x080025d8                HAL_NVIC_SetPriorityGrouping
 .text.HAL_NVIC_SetPriority
                0x080025ee       0x38 CMakeFiles/range-test-rx.dir/Drivers/STM32F1xx_HAL_Driver/Src/stm32f1xx_hal_cortex.c.obj
                0x080025ee                HAL_NVIC_SetPriority
 .text.HAL_NVIC_EnableIRQ
                0x08002626       0x1c CMakeFiles/range-test-rx.dir/Drivers/STM32F1xx_HAL_Driver/Src/stm32f1xx_hal_cortex.c.obj
                0x08002626                HAL_NVIC_EnableIRQ
 .text.HAL_SYSTICK_Config
                0x08002642       0x18 CMakeFiles/range-test-rx.dir/Drivers/STM32F1xx_HAL_Driver/Src/stm32f1xx_hal_cortex.c.obj
                0x08002642                HAL_SYSTICK_Config
 .text.HAL_UART_Init
                0x0800265a       0xa0 CMakeFiles/range-test-rx.dir/Drivers/STM32F1xx_HAL_Driver/Src/stm32f1xx_hal_uart.c.obj
                0x0800265a                HAL_UART_Init
 .text.HAL_UART_Transmit
                0x080026fa      0x116 CMakeFiles/range-test-rx.dir/Drivers/STM32F1xx_HAL_Driver/Src/stm32f1xx_hal_uart.c.obj
                0x080026fa                HAL_UART_Transmit
 .text.HAL_UART_Receive
                0x08002810      0x12e CMakeFiles/range-test-rx.dir/Drivers/STM32F1xx_HAL_Driver/Src/stm32f1xx_hal_uart.c.obj
                0x08002810                HAL_UART_Receive
 .text.HAL_UART_Receive_IT
                0x0800293e       0x4a CMakeFiles/range-test-rx.dir/Drivers/STM32F1xx_HAL_Driver/Src/stm32f1xx_hal_uart.c.obj
                0x0800293e                HAL_UART_Receive_IT
 .text.HAL_UART_IRQHandler
                0x08002988      0x520 CMakeFiles/range-test-rx.dir/Drivers/STM32F1xx_HAL_Driver/Src/stm32f1xx_hal_uart.c.obj
                0x08002988                HAL_UART_IRQHandler
 .text.HAL_UART_TxCpltCallback
                0x08002ea8       0x12 CMakeFiles/range-test-rx.dir/Drivers/STM32F1xx_HAL_Driver/Src/stm32f1xx_hal_uart.c.obj
                0x08002ea8                HAL_UART_TxCpltCallback
 .text.HAL_UARTEx_RxEventCallback
                0x08002eba       0x16 CMakeFiles/range-test-rx.dir/Drivers/STM32F1xx_HAL_Driver/Src/stm32f1xx_hal_uart.c.obj
                0x08002eba                HAL_UARTEx_RxEventCallback
 .text.UART_WaitOnFlagUntilTimeout
                0x08002ed0       0xb2 CMakeFiles/range-test-rx.dir/Drivers/STM32F1xx_HAL_Driver/Src/stm32f1xx_hal_uart.c.obj
 .text.UART_Start_Receive_IT
                0x08002f82       0x72 CMakeFiles/range-test-rx.dir/Drivers/STM32F1xx_HAL_Driver/Src/stm32f1xx_hal_uart.c.obj
                0x08002f82                UART_Start_Receive_IT
 .text.UART_EndRxTransfer
                0x08002ff4       0xc4 CMakeFiles/range-test-rx.dir/Drivers/STM32F1xx_HAL_Driver/Src/stm32f1xx_hal_uart.c.obj
 .text.UART_DMAAbortOnError
                0x080030b8       0x28 CMakeFiles/range-test-rx.dir/Drivers/STM32F1xx_HAL_Driver/Src/stm32f1xx_hal_uart.c.obj
 .text.UART_Transmit_IT
                0x080030e0       0x9e CMakeFiles/range-test-rx.dir/Drivers/STM32F1xx_HAL_Driver/Src/stm32f1xx_hal_uart.c.obj
 .text.UART_EndTransmit_IT
                0x0800317e       0x30 CMakeFiles/range-test-rx.dir/Drivers/STM32F1xx_HAL_Driver/Src/stm32f1xx_hal_uart.c.obj
 .text.UART_Receive_IT
                0x080031ae      0x17c CMakeFiles/range-test-rx.dir/Drivers/STM32F1xx_HAL_Driver/Src/stm32f1xx_hal_uart.c.obj
 *fill*         0x0800332a        0x2 
 .text.UART_SetConfig
                0x0800332c      0x11c CMakeFiles/range-test-rx.dir/Drivers/STM32F1xx_HAL_Driver/Src/stm32f1xx_hal_uart.c.obj
 .text.Reset_Handler
                0x08003448       0x48 CMakeFiles/range-test-rx.dir/Drivers/CMSIS/Device/ST/STM32F1xx/Source/Templates/gcc/startup_stm32f103xb.s.obj
                0x08003448                Reset_Handler
 .text.Default_Handler
                0x08003490        0x2 CMakeFiles/range-test-rx.dir/Drivers/CMSIS/Device/ST/STM32F1xx/Source/Templates/gcc/startup_stm32f103xb.s.obj
                0x08003490                RTC_Alarm_IRQHandler
                0x08003490                EXTI2_IRQHandler
                0x08003490                TIM1_CC_IRQHandler
                0x08003490                PVD_IRQHandler
                0x08003490                EXTI3_IRQHandler
                0x08003490                EXTI0_IRQHandler
                0x08003490                I2C2_EV_IRQHandler
                0x08003490                ADC1_2_IRQHandler
                0x08003490                SPI1_IRQHandler
                0x08003490                TAMPER_IRQHandler
                0x08003490                DMA1_Channel4_IRQHandler
                0x08003490                USART3_IRQHandler
                0x08003490                RTC_IRQHandler
                0x08003490                DMA1_Channel7_IRQHandler
                0x08003490                CAN1_RX1_IRQHandler
                0x08003490                TIM4_IRQHandler
                0x08003490                I2C1_EV_IRQHandler
                0x08003490                DMA1_Channel6_IRQHandler
                0x08003490                TIM3_IRQHandler
                0x08003490                RCC_IRQHandler
                0x08003490                TIM1_TRG_COM_IRQHandler
                0x08003490                DMA1_Channel1_IRQHandler
                0x08003490                Default_Handler
                0x08003490                EXTI9_5_IRQHandler
                0x08003490                SPI2_IRQHandler
                0x08003490                DMA1_Channel5_IRQHandler
                0x08003490                EXTI4_IRQHandler
                0x08003490                USB_LP_CAN1_RX0_IRQHandler
                0x08003490                USB_HP_CAN1_TX_IRQHandler
                0x08003490                DMA1_Channel3_IRQHandler
                0x08003490                TIM1_UP_IRQHandler
                0x08003490                WWDG_IRQHandler
                0x08003490                TIM2_IRQHandler
                0x08003490                TIM1_BRK_IRQHandler
                0x08003490                EXTI1_IRQHandler
                0x08003490                I2C2_ER_IRQHandler
                0x08003490                DMA1_Channel2_IRQHandler
                0x08003490                CAN1_SCE_IRQHandler
                0x08003490                FLASH_IRQHandler
                0x08003490                USART1_IRQHandler
                0x08003490                I2C1_ER_IRQHandler
                0x08003490                USBWakeUp_IRQHandler
 *fill*         0x08003492        0x2 
 .text.snprintf
                0x08003494       0x64 /home/alex/Documents/Application/arm-gnu-toolchain-15.2.rel1-x86_64-arm-none-eabi/bin/../lib/gcc/arm-none-eabi/15.2.1/../../../../arm-none-eabi/lib/thumb/v7-m/nofp/libg_nano.a(libc_a-snprintf.o)
                0x08003494                snprintf
                0x08003494                sniprintf
 .text.strncmp  0x080034f8       0x24 /home/alex/Documents/Application/arm-gnu-toolchain-15.2.rel1-x86_64-arm-none-eabi/bin/../lib/gcc/arm-none-eabi/15.2.1/../../../../arm-none-eabi/lib/thumb/v7-m/nofp/libg_nano.a(libc_a-strncmp.o)
                0x080034f8                strncmp
 .text.__ssputs_r
                0x0800351c       0xc0 /home/alex/Documents/Application/arm-gnu-toolchain-15.2.rel1-x86_64-arm-none-eabi/bin/../lib/gcc/arm-none-eabi/15.2.1/../../../../arm-none-eabi/lib/thumb/v7-m/nofp/libg_nano.a(libc_a-nano-svfprintf.o)
                0x0800351c                __ssputs_r
 .text._svfprintf_r
                0x080035dc      0x1f0 /home/alex/Documents/Application/arm-gnu-toolchain-15.2.rel1-x86_64-arm-none-eabi/bin/../lib/gcc/arm-none-eabi/15.2.1/../../../../arm-none-eabi/lib/thumb/v7-m/nofp/libg_nano.a(libc_a-nano-svfprintf.o)
                0x080035dc                _svfprintf_r
                0x080035dc                _svfiprintf_r
 .text._printf_common
                0x080037cc       0xea /home/alex/Documents/Application/arm-gnu-toolchain-15.2.rel1-x86_64-arm-none-eabi/bin/../lib/gcc/arm-none-eabi/15.2.1/../../../../arm-none-eabi/lib/thumb/v7-m/nofp/libg_nano.a(libc_a-nano-vfprintf_i.o)
                0x080037cc                _printf_common
 *fill*         0x080038b6        0x2 
 .text._printf_i
                0x080038b8      0x254 /home/alex/Documents/Application/arm-gnu-toolchain-15.2.rel1-x86_64-arm-none-eabi/bin/../lib/gcc/arm-none-eabi/15.2.1/../../../../arm-none-eabi/lib/thumb/v7-m/nofp/libg_nano.a(libc_a-nano-vfprintf_i.o)
                0x080038b8                _printf_i
 .text.memmove  0x08003b0c       0x32 /home/alex/Documents/Application/arm-gnu-toolchain-15.2.rel1-x86_64-arm-none-eabi/bin/../lib/gcc/arm-none-eabi/15.2.1/../../../../arm-none-eabi/lib/thumb/v7-m/nofp/libg_nano.a(libc_a-memmove.o)
                0x08003b0c                memmove
 .text.memchr   0x08003b3e       0x1c /home/alex/Documents/Application/arm-gnu-toolchain-15.2.rel1-x86_64-arm-none-eabi/bin/../lib/gcc/arm-none-eabi/15.2.1/../../../../arm-none-eabi/lib/thumb/v7-m/nofp/libg_nano.a(libc_a-memchr-stub.o)
                0x08003b3e                memchr
 .text.memcpy   0x08003b5a       0x1c /home/alex/Documents/Application/arm-gnu-toolchain-15.2.rel1-x86_64-arm-none-eabi/bin/../lib/gcc/arm-none-eabi/15.2.1/../../../../arm-none-eabi/lib/thumb/v7-m/nofp/libg_nano.a(libc_a-memcpy-stub.o)
                0x08003b5a                memcpy
 .text._realloc_r
                0x08003b76       0x5c /home/alex/Documents/Application/arm-gnu-toolchain-15.2.rel1-x86_64-arm-none-eabi/bin/../lib/gcc/arm-none-eabi/15.2.1/../../../../arm-none-eabi/lib/thumb/v7-m/nofp/libg_nano.a(libc_a-reallocr.o)
                0x08003b76                _realloc_r
 .text._malloc_usable_size_r
                0x08003bd2       0x10 /home/alex/Documents/Application/arm-gnu-toolchain-15.2.rel1-x86_64-arm-none-eabi/bin/../lib/gcc/arm-none-eabi/15.2.1/../../../../arm-none-eabi/lib/thumb/v7-m/nofp/libg_nano.a(libc_a-msizer.o)
                0x08003bd2                _malloc_usable_size_r
 *fill*         0x08003be2        0x2 
 .text._sbrk    0x08003be4       0x1c /home/alex/Documents/Application/arm-gnu-toolchain-15.2.rel1-x86_64-arm-none-eabi/bin/../lib/gcc/arm-none-eabi/15.2.1/../../../../arm-none-eabi/lib/thumb/v7-m/nofp/libnosys.a(sbrk.o)
                0x08003be4                _sbrk
 *(.glue_7)
 .glue_7        0x08003c00        0x0 linker stubs
 *(.glue_7t)
 .glue_7t       0x08003c00        0x0 linker stubs
 *(.eh_frame)
 .eh_frame      0x08003c00        0x0 /home/alex/Documents/Application/arm-gnu-toolchain-15.2.rel1-x86_64-arm-none-eabi/bin/../lib/gcc/arm-none-eabi/15.2.1/thumb/v7-m/nofp/crtbegin.o
 *(.init)
 .init          0x08003c00        0x4 /home/alex/Documents/Application/arm-gnu-toolchain-15.2.rel1-x86_64-arm-none-eabi/bin/../lib/gcc/arm-none-eabi/15.2.1/thumb/v7-m/nofp/crti.o
                0x08003c00                _init
 .init          0x08003c04        0x8 /home/alex/Documents/Application/arm-gnu-toolchain-15.2.rel1-x86_64-arm-none-eabi/bin/../lib/gcc/arm-none-eabi/15.2.1/thumb/v7-m/nofp/crtn.o
 *(.fini)
 .fini          0x08003c0c        0x4 /home/alex/Documents/Application/arm-gnu-toolchain-15.2.rel1-x86_64-arm-none-eabi/bin/../lib/gcc/arm-none-eabi/15.2.1/thumb/v7-m/nofp/crti.o
                0x08003c0c                _fini
 .fini          0x08003c10        0x8 /home/alex/Documents/Application/arm-gnu-toolchain-15.2.rel1-x86_64-arm-none-eabi/bin/../lib/gcc/arm-none-eabi/15.2.1/thumb/v7-m/nofp/crtn.o
                0x08003c18                        . = ALIGN (0x4)
                0x08003c18                        _etext = .

.vfp11_veneer   0x08003c18        0x0
 .vfp11_veneer  0x08003c18        0x0 linker stubs

.v4_bx          0x08003c18        0x0
 .v4_bx         0x08003c18        0x0 linker stubs

.iplt           0x08003c18        0x0
 .iplt          0x08003c18        0x0 /home/alex/Documents/Application/arm-gnu-toolchain-15.2.rel1-x86_64-arm-none-eabi/bin/../lib/gcc/arm-none-eabi/15.2.1/thumb/v7-m/nofp/crtbegin.o

.rodata         0x08003c18      0x530
                0x08003c18                        . = ALIGN (0x4)
 *(.rodata)
 .rodata        0x08003c18      0x4af CMakeFiles/range-test-rx.dir/Core/Src/main.c.obj
 *(.rodata*)
 *fill*         0x080040c7        0x1 
 .rodata.hex_digits.2
                0x080040c8       0x11 CMakeFiles/range-test-rx.dir/Core/Src/main.c.obj
 *fill*         0x080040d9        0x3 
 .rodata.led_pwm_prefix.1
                0x080040dc        0x9 CMakeFiles/range-test-rx.dir/Core/Src/main.c.obj
 *fill*         0x080040e5        0x3 
 .rodata.AHBPrescTable
                0x080040e8       0x10 CMakeFiles/range-test-rx.dir/Core/Src/system_stm32f1xx.c.obj
                0x080040e8                AHBPrescTable
 .rodata.APBPrescTable
                0x080040f8        0x8 CMakeFiles/range-test-rx.dir/Core/Src/system_stm32f1xx.c.obj
                0x080040f8                APBPrescTable
 .rodata.aPLLMULFactorTable.1
                0x08004100       0x10 CMakeFiles/range-test-rx.dir/Drivers/STM32F1xx_HAL_Driver/Src/stm32f1xx_hal_rcc.c.obj
 .rodata.aPredivFactorTable.0
                0x08004110        0x2 CMakeFiles/range-test-rx.dir/Drivers/STM32F1xx_HAL_Driver/Src/stm32f1xx_hal_rcc.c.obj
 .rodata._svfprintf_r.str1.1
                0x08004112       0x33 /home/alex/Documents/Application/arm-gnu-toolchain-15.2.rel1-x86_64-arm-none-eabi/bin/../lib/gcc/arm-none-eabi/15.2.1/../../../../arm-none-eabi/lib/thumb/v7-m/nofp/libg_nano.a(libc_a-nano-svfprintf.o)
                                 0x11 (size before relaxing)
 .rodata._printf_i.str1.1
                0x08004145        0x0 /home/alex/Documents/Application/arm-gnu-toolchain-15.2.rel1-x86_64-arm-none-eabi/bin/../lib/gcc/arm-none-eabi/15.2.1/../../../../arm-none-eabi/lib/thumb/v7-m/nofp/libg_nano.a(libc_a-nano-vfprintf_i.o)
                                 0x22 (size before relaxing)
                0x08004148                        . = ALIGN (0x4)
 *fill*         0x08004145        0x3 

.ARM.extab      0x08004148        0x0
                0x08004148                        . = ALIGN (0x4)
 *(.ARM.extab* .gnu.linkonce.armextab.*)
                0x08004148                        . = ALIGN (0x4)

.ARM            0x08004148        0x8
                0x08004148                        . = ALIGN (0x4)
                0x08004148                        __exidx_start = .
 *(.ARM.exidx*)
 .ARM.exidx     0x08004148        0x8 /home/alex/Documents/Application/arm-gnu-toolchain-15.2.rel1-x86_64-arm-none-eabi/bin/../lib/gcc/arm-none-eabi/15.2.1/../../../../arm-none-eabi/lib/thumb/v7-m/nofp/libg_nano.a(libc_a-strcmp.o)
 .ARM.exidx     0x08004150        0x0 /home/alex/Documents/Application/arm-gnu-toolchain-15.2.rel1-x86_64-arm-none-eabi/bin/../lib/gcc/arm-none-eabi/15.2.1/../../../../arm-none-eabi/lib/thumb/v7-m/nofp/libg_nano.a(libc_a-strlen.o)
                                  0x8 (size before relaxing)
                0x08004150                        __exidx_end = .
                0x08004150                        . = ALIGN (0x4)

.preinit_array  0x08004150        0x0
                0x08004150                        . = ALIGN (0x4)
                0x08004150                        PROVIDE (__preinit_array_start = .)
 *(.preinit_array*)
                0x08004150                        PROVIDE (__preinit_array_end = .)
                0x08004150                        . = ALIGN (0x4)

.init_array     0x08004150        0x4
                0x08004150                        . = ALIGN (0x4)
                0x08004150                        PROVIDE (__init_array_start = .)
 *(SORT_BY_NAME(.init_array.*))
 *(.init_array*)
 .init_array    0x08004150        0x4 /home/alex/Documents/Application/arm-gnu-toolchain-15.2.rel1-x86_64-arm-none-eabi/bin/../lib/gcc/arm-none-eabi/15.2.1/thumb/v7-m/nofp/crtbegin.o
                0x08004154                        PROVIDE (__init_array_end = .)
                0x08004154                        . = ALIGN (0x4)

.fini_array     0x08004154        0x4
                0x08004154                        . = ALIGN (0x4)
                [!provide]                        PROVIDE (__fini_array_start = .)
 *(SORT_BY_NAME(.fini_array.*))
 *(.fini_array*)
 .fini_array    0x08004154        0x4 /home/alex/Documents/Application/arm-gnu-toolchain-15.2.rel1-x86_64-arm-none-eabi/bin/../lib/gcc/arm-none-eabi/15.2.1/thumb/v7-m/nofp/crtbegin.o
                [!provide]                        PROVIDE (__fini_array_end = .)
                0x08004158                        . = ALIGN (0x4)
                0x08004158                        _sidata = LOADADDR (.data)

.rel.dyn        0x08004158        0x0
 .rel.iplt      0x08004158        0x0 /home/alex/Documents/Application/arm-gnu-toolchain-15.2.rel1-x86_64-arm-none-eabi/bin/../lib/gcc/arm-none-eabi/15.2.1/thumb/v7-m/nofp/crtbegin.o

.data           0x20000000       0x5c load address 0x08004158
                0x20000000                        . = ALIGN (0x4)
                0x20000000                        _sdata = .
 *(.data)
 *(.data*)
 .data._impure_ptr
                0x20000000        0x4 /home/alex/Documents/Application/arm-gnu-toolchain-15.2.rel1-x86_64-arm-none-eabi/bin/../lib/gcc/arm-none-eabi/15.2.1/../../../../arm-none-eabi/lib/thumb/v7-m/nofp/libc_nano.a(libc_a-impure.o)
                0x20000000                _impure_ptr
 .data._impure_data
                0x20000004       0x4c /home/alex/Documents/Application/arm-gnu-toolchain-15.2.rel1-x86_64-arm-none-eabi/bin/../lib/gcc/arm-none-eabi/15.2.1/../../../../arm-none-eabi/lib/thumb/v7-m/nofp/libc_nano.a(libc_a-impure.o)
                0x20000004                _impure_data
 .data.SystemCoreClock
                0x20000050        0x4 CMakeFiles/range-test-rx.dir/Core/Src/system_stm32f1xx.c.obj
                0x20000050                SystemCoreClock
 .data.uwTickPrio
                0x20000054        0x4 CMakeFiles/range-test-rx.dir/Drivers/STM32F1xx_HAL_Driver/Src/stm32f1xx_hal.c.obj
                0x20000054                uwTickPrio
 .data.uwTickFreq
                0x20000058        0x1 CMakeFiles/range-test-rx.dir/Drivers/STM32F1xx_HAL_Driver/Src/stm32f1xx_hal.c.obj
                0x20000058                uwTickFreq
                0x2000005c                        . = ALIGN (0x4)
 *fill*         0x20000059        0x3 
                0x2000005c                        _edata = .

.tm_clone_table
                0x2000005c        0x0 load address 0x080041b4
 .tm_clone_table
                0x2000005c        0x0 /home/alex/Documents/Application/arm-gnu-toolchain-15.2.rel1-x86_64-arm-none-eabi/bin/../lib/gcc/arm-none-eabi/15.2.1/thumb/v7-m/nofp/crtbegin.o
 .tm_clone_table
                0x2000005c        0x0 /home/alex/Documents/Application/arm-gnu-toolchain-15.2.rel1-x86_64-arm-none-eabi/bin/../lib/gcc/arm-none-eabi/15.2.1/thumb/v7-m/nofp/crtend.o

.igot.plt       0x2000005c        0x0 load address 0x080041b4
 .igot.plt      0x2000005c        0x0 /home/alex/Documents/Application/arm-gnu-toolchain-15.2.rel1-x86_64-arm-none-eabi/bin/../lib/gcc/arm-none-eabi/15.2.1/thumb/v7-m/nofp/crtbegin.o
                0x2000005c                        . = ALIGN (0x4)

.bss            0x2000005c      0x250 load address 0x080041b4
                0x2000005c                        _sbss = .
                0x2000005c                        __bss_start__ = _sbss
 *(.bss)
 *(.bss*)
 .bss.completed.1
                0x2000005c        0x1 /home/alex/Documents/Application/arm-gnu-toolchain-15.2.rel1-x86_64-arm-none-eabi/bin/../lib/gcc/arm-none-eabi/15.2.1/thumb/v7-m/nofp/crtbegin.o
 *fill*         0x2000005d        0x3 
 .bss.object.0  0x20000060       0x18 /home/alex/Documents/Application/arm-gnu-toolchain-15.2.rel1-x86_64-arm-none-eabi/bin/../lib/gcc/arm-none-eabi/15.2.1/thumb/v7-m/nofp/crtbegin.o
 .bss.__sf      0x20000078      0x138 /home/alex/Documents/Application/arm-gnu-toolchain-15.2.rel1-x86_64-arm-none-eabi/bin/../lib/gcc/arm-none-eabi/15.2.1/../../../../arm-none-eabi/lib/thumb/v7-m/nofp/libc_nano.a(libc_a-findfp.o)
                0x20000078                __sf
 .bss.errno     0x200001b0        0x4 /home/alex/Documents/Application/arm-gnu-toolchain-15.2.rel1-x86_64-arm-none-eabi/bin/../lib/gcc/arm-none-eabi/15.2.1/../../../../arm-none-eabi/lib/thumb/v7-m/nofp/libc_nano.a(libc_a-reent.o)
                0x200001b0                errno
 .bss.__lock___malloc_recursive_mutex
                0x200001b4        0x1 /home/alex/Documents/Application/arm-gnu-toolchain-15.2.rel1-x86_64-arm-none-eabi/bin/../lib/gcc/arm-none-eabi/15.2.1/../../../../arm-none-eabi/lib/thumb/v7-m/nofp/libc_nano.a(libc_a-lock.o)
                0x200001b4                __lock___malloc_recursive_mutex
 *fill*         0x200001b5        0x3 
 .bss.__malloc_sbrk_start
                0x200001b8        0x4 /home/alex/Documents/Application/arm-gnu-toolchain-15.2.rel1-x86_64-arm-none-eabi/bin/../lib/gcc/arm-none-eabi/15.2.1/../../../../arm-none-eabi/lib/thumb/v7-m/nofp/libc_nano.a(libc_a-mallocr.o)
                0x200001b8                __malloc_sbrk_start
 .bss.__malloc_free_list
                0x200001bc        0x4 /home/alex/Documents/Application/arm-gnu-toolchain-15.2.rel1-x86_64-arm-none-eabi/bin/../lib/gcc/arm-none-eabi/15.2.1/../../../../arm-none-eabi/lib/thumb/v7-m/nofp/libc_nano.a(libc_a-mallocr.o)
                0x200001bc                __malloc_free_list
 .bss.huart2    0x200001c0       0x48 CMakeFiles/range-test-rx.dir/Core/Src/main.c.obj
                0x200001c0                huart2
 .bss.huart1    0x20000208       0x48 CMakeFiles/range-test-rx.dir/Core/Src/main.c.obj
                0x20000208                huart1
 .bss.rx_count  0x20000250        0x4 CMakeFiles/range-test-rx.dir/Core/Src/main.c.obj
 .bss.serial_rx_byte
                0x20000254        0x1 CMakeFiles/range-test-rx.dir/Core/Src/main.c.obj
 *fill*         0x20000255        0x3 
 .bss.serial_input
                0x20000258       0x14 CMakeFiles/range-test-rx.dir/Core/Src/main.c.obj
 .bss.serial_input_length
                0x2000026c        0x1 CMakeFiles/range-test-rx.dir/Core/Src/main.c.obj
 .bss.serial_command_discarding
                0x2000026d        0x1 CMakeFiles/range-test-rx.dir/Core/Src/main.c.obj
 .bss.serial_command_overflow
                0x2000026e        0x1 CMakeFiles/range-test-rx.dir/Core/Src/main.c.obj
 *fill*         0x2000026f        0x1 
 .bss.serial_queue
                0x20000270       0x28 CMakeFiles/range-test-rx.dir/Core/Src/main.c.obj
 .bss.serial_queue_length
                0x20000298        0x2 CMakeFiles/range-test-rx.dir/Core/Src/main.c.obj
 .bss.serial_queue_head
                0x2000029a        0x1 CMakeFiles/range-test-rx.dir/Core/Src/main.c.obj
 .bss.serial_queue_tail
                0x2000029b        0x1 CMakeFiles/range-test-rx.dir/Core/Src/main.c.obj
 .bss.serial_queue_count
                0x2000029c        0x1 CMakeFiles/range-test-rx.dir/Core/Src/main.c.obj
 *fill*         0x2000029d        0x3 
 .bss.last_silence_log_ms.0
                0x200002a0        0x4 CMakeFiles/range-test-rx.dir/Core/Src/main.c.obj
 .bss.uwTick    0x200002a4        0x4 CMakeFiles/range-test-rx.dir/Drivers/STM32F1xx_HAL_Driver/Src/stm32f1xx_hal.c.obj
                0x200002a4                uwTick
 .bss.heap_end.0
                0x200002a8        0x4 /home/alex/Documents/Application/arm-gnu-toolchain-15.2.rel1-x86_64-arm-none-eabi/bin/../lib/gcc/arm-none-eabi/15.2.1/../../../../arm-none-eabi/lib/thumb/v7-m/nofp/libnosys.a(sbrk.o)
 *(COMMON)
                0x200002ac                        . = ALIGN (0x4)
                0x200002ac                        _ebss = .
                0x200002ac                        __bss_end__ = _ebss

._user_heap_stack
                0x200002ac      0x604 load address 0x080041b4
                0x200002b0                        . = ALIGN (0x8)
 *fill*         0x200002ac        0x4 
                0x200002b0                        PROVIDE (end = .)
                [!provide]                        PROVIDE (_end = .)
                0x200004b0                        . = (. + _Min_Heap_Size)
 *fill*         0x200002b0      0x200 
                0x200008b0                        . = (. + _Min_Stack_Size)
 *fill*         0x200004b0      0x400 
                0x200008b0                        . = ALIGN (0x8)

/DISCARD/
 libc.a(*)
 libm.a(*)
 libgcc.a(*)

.ARM.attributes
                0x00000000       0x29
 *(.ARM.attributes)
 .ARM.attributes
                0x00000000       0x1d /home/alex/Documents/Application/arm-gnu-toolchain-15.2.rel1-x86_64-arm-none-eabi/bin/../lib/gcc/arm-none-eabi/15.2.1/thumb/v7-m/nofp/crti.o
 .ARM.attributes
                0x0000001d       0x2d /home/alex/Documents/Application/arm-gnu-toolchain-15.2.rel1-x86_64-arm-none-eabi/bin/../lib/gcc/arm-none-eabi/15.2.1/thumb/v7-m/nofp/crtbegin.o
 .ARM.attributes
                0x0000004a       0x2d /home/alex/Documents/Application/arm-gnu-toolchain-15.2.rel1-x86_64-arm-none-eabi/bin/../lib/gcc/arm-none-eabi/15.2.1/../../../../arm-none-eabi/lib/thumb/v7-m/nofp/libc_nano.a(libc_a-findfp.o)
 .ARM.attributes
                0x00000077       0x2d /home/alex/Documents/Application/arm-gnu-toolchain-15.2.rel1-x86_64-arm-none-eabi/bin/../lib/gcc/arm-none-eabi/15.2.1/../../../../arm-none-eabi/lib/thumb/v7-m/nofp/libc_nano.a(libc_a-memset.o)
 .ARM.attributes
                0x000000a4       0x2d /home/alex/Documents/Application/arm-gnu-toolchain-15.2.rel1-x86_64-arm-none-eabi/bin/../lib/gcc/arm-none-eabi/15.2.1/../../../../arm-none-eabi/lib/thumb/v7-m/nofp/libc_nano.a(libc_a-reent.o)
 .ARM.attributes
                0x000000d1       0x2d /home/alex/Documents/Application/arm-gnu-toolchain-15.2.rel1-x86_64-arm-none-eabi/bin/../lib/gcc/arm-none-eabi/15.2.1/../../../../arm-none-eabi/lib/thumb/v7-m/nofp/libc_nano.a(libc_a-impure.o)
 .ARM.attributes
                0x000000fe       0x2d /home/alex/Documents/Application/arm-gnu-toolchain-15.2.rel1-x86_64-arm-none-eabi/bin/../lib/gcc/arm-none-eabi/15.2.1/../../../../arm-none-eabi/lib/thumb/v7-m/nofp/libc_nano.a(libc_a-init.o)
 .ARM.attributes
                0x0000012b       0x2d /home/alex/Documents/Application/arm-gnu-toolchain-15.2.rel1-x86_64-arm-none-eabi/bin/../lib/gcc/arm-none-eabi/15.2.1/../../../../arm-none-eabi/lib/thumb/v7-m/nofp/libc_nano.a(libc_a-lock.o)
 .ARM.attributes
                0x00000158       0x2d /home/alex/Documents/Application/arm-gnu-toolchain-15.2.rel1-x86_64-arm-none-eabi/bin/../lib/gcc/arm-none-eabi/15.2.1/../../../../arm-none-eabi/lib/thumb/v7-m/nofp/libc_nano.a(libc_a-freer.o)
 .ARM.attributes
                0x00000185       0x2d /home/alex/Documents/Application/arm-gnu-toolchain-15.2.rel1-x86_64-arm-none-eabi/bin/../lib/gcc/arm-none-eabi/15.2.1/../../../../arm-none-eabi/lib/thumb/v7-m/nofp/libc_nano.a(libc_a-mallocr.o)
 .ARM.attributes
                0x000001b2       0x2d /home/alex/Documents/Application/arm-gnu-toolchain-15.2.rel1-x86_64-arm-none-eabi/bin/../lib/gcc/arm-none-eabi/15.2.1/../../../../arm-none-eabi/lib/thumb/v7-m/nofp/libc_nano.a(libc_a-mlock.o)
 .ARM.attributes
                0x000001df       0x2d /home/alex/Documents/Application/arm-gnu-toolchain-15.2.rel1-x86_64-arm-none-eabi/bin/../lib/gcc/arm-none-eabi/15.2.1/../../../../arm-none-eabi/lib/thumb/v7-m/nofp/libc_nano.a(libc_a-sbrkr.o)
 .ARM.attributes
                0x0000020c       0x2d CMakeFiles/range-test-rx.dir/Core/Src/main.c.obj
 .ARM.attributes
                0x00000239       0x2d CMakeFiles/range-test-rx.dir/Core/Src/stm32f1xx_it.c.obj
 .ARM.attributes
                0x00000266       0x2d CMakeFiles/range-test-rx.dir/Core/Src/stm32f1xx_hal_msp.c.obj
 .ARM.attributes
                0x00000293       0x2d CMakeFiles/range-test-rx.dir/Core/Src/system_stm32f1xx.c.obj
 .ARM.attributes
                0x000002c0       0x2d CMakeFiles/range-test-rx.dir/Drivers/STM32F1xx_HAL_Driver/Src/stm32f1xx_hal.c.obj
 .ARM.attributes
                0x000002ed       0x2d CMakeFiles/range-test-rx.dir/Drivers/STM32F1xx_HAL_Driver/Src/stm32f1xx_hal_rcc.c.obj
 .ARM.attributes
                0x0000031a       0x2d CMakeFiles/range-test-rx.dir/Drivers/STM32F1xx_HAL_Driver/Src/stm32f1xx_hal_gpio.c.obj
 .ARM.attributes
                0x00000347       0x2d CMakeFiles/range-test-rx.dir/Drivers/STM32F1xx_HAL_Driver/Src/stm32f1xx_hal_dma.c.obj
 .ARM.attributes
                0x00000374       0x2d CMakeFiles/range-test-rx.dir/Drivers/STM32F1xx_HAL_Driver/Src/stm32f1xx_hal_cortex.c.obj
 .ARM.attributes
                0x000003a1       0x2d CMakeFiles/range-test-rx.dir/Drivers/STM32F1xx_HAL_Driver/Src/stm32f1xx_hal_uart.c.obj
 .ARM.attributes
                0x000003ce       0x21 CMakeFiles/range-test-rx.dir/Drivers/CMSIS/Device/ST/STM32F1xx/Source/Templates/gcc/startup_stm32f103xb.s.obj
 .ARM.attributes
                0x000003ef       0x2d /home/alex/Documents/Application/arm-gnu-toolchain-15.2.rel1-x86_64-arm-none-eabi/bin/../lib/gcc/arm-none-eabi/15.2.1/../../../../arm-none-eabi/lib/thumb/v7-m/nofp/libg_nano.a(libc_a-snprintf.o)
 .ARM.attributes
                0x0000041c       0x2d /home/alex/Documents/Application/arm-gnu-toolchain-15.2.rel1-x86_64-arm-none-eabi/bin/../lib/gcc/arm-none-eabi/15.2.1/../../../../arm-none-eabi/lib/thumb/v7-m/nofp/libg_nano.a(libc_a-strncmp.o)
 .ARM.attributes
                0x00000449       0x1b /home/alex/Documents/Application/arm-gnu-toolchain-15.2.rel1-x86_64-arm-none-eabi/bin/../lib/gcc/arm-none-eabi/15.2.1/../../../../arm-none-eabi/lib/thumb/v7-m/nofp/libg_nano.a(libc_a-strcmp.o)
 .ARM.attributes
                0x00000464       0x17 /home/alex/Documents/Application/arm-gnu-toolchain-15.2.rel1-x86_64-arm-none-eabi/bin/../lib/gcc/arm-none-eabi/15.2.1/../../../../arm-none-eabi/lib/thumb/v7-m/nofp/libg_nano.a(libc_a-strlen.o)
 .ARM.attributes
                0x0000047b       0x2d /home/alex/Documents/Application/arm-gnu-toolchain-15.2.rel1-x86_64-arm-none-eabi/bin/../lib/gcc/arm-none-eabi/15.2.1/../../../../arm-none-eabi/lib/thumb/v7-m/nofp/libg_nano.a(libc_a-nano-svfprintf.o)
 .ARM.attributes
                0x000004a8       0x2d /home/alex/Documents/Application/arm-gnu-toolchain-15.2.rel1-x86_64-arm-none-eabi/bin/../lib/gcc/arm-none-eabi/15.2.1/../../../../arm-none-eabi/lib/thumb/v7-m/nofp/libg_nano.a(libc_a-nano-vfprintf_i.o)
 .ARM.attributes
                0x000004d5       0x2d /home/alex/Documents/Application/arm-gnu-toolchain-15.2.rel1-x86_64-arm-none-eabi/bin/../lib/gcc/arm-none-eabi/15.2.1/../../../../arm-none-eabi/lib/thumb/v7-m/nofp/libg_nano.a(libc_a-memmove.o)
 .ARM.attributes
                0x00000502       0x2d /home/alex/Documents/Application/arm-gnu-toolchain-15.2.rel1-x86_64-arm-none-eabi/bin/../lib/gcc/arm-none-eabi/15.2.1/../../../../arm-none-eabi/lib/thumb/v7-m/nofp/libg_nano.a(libc_a-memchr-stub.o)
 .ARM.attributes
                0x0000052f       0x2d /home/alex/Documents/Application/arm-gnu-toolchain-15.2.rel1-x86_64-arm-none-eabi/bin/../lib/gcc/arm-none-eabi/15.2.1/../../../../arm-none-eabi/lib/thumb/v7-m/nofp/libg_nano.a(libc_a-memcpy-stub.o)
 .ARM.attributes
                0x0000055c       0x2d /home/alex/Documents/Application/arm-gnu-toolchain-15.2.rel1-x86_64-arm-none-eabi/bin/../lib/gcc/arm-none-eabi/15.2.1/../../../../arm-none-eabi/lib/thumb/v7-m/nofp/libg_nano.a(libc_a-reallocr.o)
 .ARM.attributes
                0x00000589       0x2d /home/alex/Documents/Application/arm-gnu-toolchain-15.2.rel1-x86_64-arm-none-eabi/bin/../lib/gcc/arm-none-eabi/15.2.1/../../../../arm-none-eabi/lib/thumb/v7-m/nofp/libg_nano.a(libc_a-msizer.o)
 .ARM.attributes
                0x000005b6       0x2d /home/alex/Documents/Application/arm-gnu-toolchain-15.2.rel1-x86_64-arm-none-eabi/bin/../lib/gcc/arm-none-eabi/15.2.1/../../../../arm-none-eabi/lib/thumb/v7-m/nofp/libnosys.a(sbrk.o)
 .ARM.attributes
                0x000005e3       0x2d /home/alex/Documents/Application/arm-gnu-toolchain-15.2.rel1-x86_64-arm-none-eabi/bin/../lib/gcc/arm-none-eabi/15.2.1/thumb/v7-m/nofp/crtend.o
 .ARM.attributes
                0x00000610       0x1d /home/alex/Documents/Application/arm-gnu-toolchain-15.2.rel1-x86_64-arm-none-eabi/bin/../lib/gcc/arm-none-eabi/15.2.1/thumb/v7-m/nofp/crtn.o
OUTPUT(range-test-rx.elf elf32-littlearm)
LOAD linker stubs
LOAD /home/alex/Documents/Application/arm-gnu-toolchain-15.2.rel1-x86_64-arm-none-eabi/bin/../lib/gcc/arm-none-eabi/15.2.1/../../../../arm-none-eabi/lib/thumb/v7-m/nofp/libc.a
LOAD /home/alex/Documents/Application/arm-gnu-toolchain-15.2.rel1-x86_64-arm-none-eabi/bin/../lib/gcc/arm-none-eabi/15.2.1/../../../../arm-none-eabi/lib/thumb/v7-m/nofp/libm.a
LOAD /home/alex/Documents/Application/arm-gnu-toolchain-15.2.rel1-x86_64-arm-none-eabi/bin/../lib/gcc/arm-none-eabi/15.2.1/thumb/v7-m/nofp/libgcc.a

.debug_frame    0x00000000     0x20cc
 .debug_frame   0x00000000      0x144 /home/alex/Documents/Application/arm-gnu-toolchain-15.2.rel1-x86_64-arm-none-eabi/bin/../lib/gcc/arm-none-eabi/15.2.1/../../../../arm-none-eabi/lib/thumb/v7-m/nofp/libc_nano.a(libc_a-findfp.o)
 .debug_frame   0x00000144       0x20 /home/alex/Documents/Application/arm-gnu-toolchain-15.2.rel1-x86_64-arm-none-eabi/bin/../lib/gcc/arm-none-eabi/15.2.1/../../../../arm-none-eabi/lib/thumb/v7-m/nofp/libc_nano.a(libc_a-memset.o)
 .debug_frame   0x00000164       0x38 /home/alex/Documents/Application/arm-gnu-toolchain-15.2.rel1-x86_64-arm-none-eabi/bin/../lib/gcc/arm-none-eabi/15.2.1/../../../../arm-none-eabi/lib/thumb/v7-m/nofp/libc_nano.a(libc_a-reent.o)
 .debug_frame   0x0000019c       0x2c /home/alex/Documents/Application/arm-gnu-toolchain-15.2.rel1-x86_64-arm-none-eabi/bin/../lib/gcc/arm-none-eabi/15.2.1/../../../../arm-none-eabi/lib/thumb/v7-m/nofp/libc_nano.a(libc_a-init.o)
 .debug_frame   0x000001c8       0xb0 /home/alex/Documents/Application/arm-gnu-toolchain-15.2.rel1-x86_64-arm-none-eabi/bin/../lib/gcc/arm-none-eabi/15.2.1/../../../../arm-none-eabi/lib/thumb/v7-m/nofp/libc_nano.a(libc_a-lock.o)
 .debug_frame   0x00000278       0x38 /home/alex/Documents/Application/arm-gnu-toolchain-15.2.rel1-x86_64-arm-none-eabi/bin/../lib/gcc/arm-none-eabi/15.2.1/../../../../arm-none-eabi/lib/thumb/v7-m/nofp/libc_nano.a(libc_a-freer.o)
 .debug_frame   0x000002b0       0x50 /home/alex/Documents/Application/arm-gnu-toolchain-15.2.rel1-x86_64-arm-none-eabi/bin/../lib/gcc/arm-none-eabi/15.2.1/../../../../arm-none-eabi/lib/thumb/v7-m/nofp/libc_nano.a(libc_a-mallocr.o)
 .debug_frame   0x00000300       0x30 /home/alex/Documents/Application/arm-gnu-toolchain-15.2.rel1-x86_64-arm-none-eabi/bin/../lib/gcc/arm-none-eabi/15.2.1/../../../../arm-none-eabi/lib/thumb/v7-m/nofp/libc_nano.a(libc_a-mlock.o)
 .debug_frame   0x00000330       0x2c /home/alex/Documents/Application/arm-gnu-toolchain-15.2.rel1-x86_64-arm-none-eabi/bin/../lib/gcc/arm-none-eabi/15.2.1/../../../../arm-none-eabi/lib/thumb/v7-m/nofp/libc_nano.a(libc_a-sbrkr.o)
 .debug_frame   0x0000035c      0x288 CMakeFiles/range-test-rx.dir/Core/Src/main.c.obj
 .debug_frame   0x000005e4      0x13c CMakeFiles/range-test-rx.dir/Core/Src/stm32f1xx_it.c.obj
 .debug_frame   0x00000720       0x80 CMakeFiles/range-test-rx.dir/Core/Src/stm32f1xx_hal_msp.c.obj
 .debug_frame   0x000007a0       0x58 CMakeFiles/range-test-rx.dir/Core/Src/system_stm32f1xx.c.obj
 .debug_frame   0x000007f8      0x334 CMakeFiles/range-test-rx.dir/Drivers/STM32F1xx_HAL_Driver/Src/stm32f1xx_hal.c.obj
 .debug_frame   0x00000b2c      0x218 CMakeFiles/range-test-rx.dir/Drivers/STM32F1xx_HAL_Driver/Src/stm32f1xx_hal_rcc.c.obj
 .debug_frame   0x00000d44      0x14c CMakeFiles/range-test-rx.dir/Drivers/STM32F1xx_HAL_Driver/Src/stm32f1xx_hal_gpio.c.obj
 .debug_frame   0x00000e90      0x208 CMakeFiles/range-test-rx.dir/Drivers/STM32F1xx_HAL_Driver/Src/stm32f1xx_hal_dma.c.obj
 .debug_frame   0x00001098      0x428 CMakeFiles/range-test-rx.dir/Drivers/STM32F1xx_HAL_Driver/Src/stm32f1xx_hal_cortex.c.obj
 .debug_frame   0x000014c0      0x944 CMakeFiles/range-test-rx.dir/Drivers/STM32F1xx_HAL_Driver/Src/stm32f1xx_hal_uart.c.obj
 .debug_frame   0x00001e04       0x7c /home/alex/Documents/Application/arm-gnu-toolchain-15.2.rel1-x86_64-arm-none-eabi/bin/../lib/gcc/arm-none-eabi/15.2.1/../../../../arm-none-eabi/lib/thumb/v7-m/nofp/libg_nano.a(libc_a-snprintf.o)
 .debug_frame   0x00001e80       0x28 /home/alex/Documents/Application/arm-gnu-toolchain-15.2.rel1-x86_64-arm-none-eabi/bin/../lib/gcc/arm-none-eabi/15.2.1/../../../../arm-none-eabi/lib/thumb/v7-m/nofp/libg_nano.a(libc_a-strncmp.o)
 .debug_frame   0x00001ea8       0x20 /home/alex/Documents/Application/arm-gnu-toolchain-15.2.rel1-x86_64-arm-none-eabi/bin/../lib/gcc/arm-none-eabi/15.2.1/../../../../arm-none-eabi/lib/thumb/v7-m/nofp/libg_nano.a(libc_a-strcmp.o)
 .debug_frame   0x00001ec8       0x20 /home/alex/Documents/Application/arm-gnu-toolchain-15.2.rel1-x86_64-arm-none-eabi/bin/../lib/gcc/arm-none-eabi/15.2.1/../../../../arm-none-eabi/lib/thumb/v7-m/nofp/libg_nano.a(libc_a-strlen.o)
 .debug_frame   0x00001ee8       0x90 /home/alex/Documents/Application/arm-gnu-toolchain-15.2.rel1-x86_64-arm-none-eabi/bin/../lib/gcc/arm-none-eabi/15.2.1/../../../../arm-none-eabi/lib/thumb/v7-m/nofp/libg_nano.a(libc_a-nano-svfprintf.o)
 .debug_frame   0x00001f78       0x60 /home/alex/Documents/Application/arm-gnu-toolchain-15.2.rel1-x86_64-arm-none-eabi/bin/../lib/gcc/arm-none-eabi/15.2.1/../../../../arm-none-eabi/lib/thumb/v7-m/nofp/libg_nano.a(libc_a-nano-vfprintf_i.o)
 .debug_frame   0x00001fd8       0x28 /home/alex/Documents/Application/arm-gnu-toolchain-15.2.rel1-x86_64-arm-none-eabi/bin/../lib/gcc/arm-none-eabi/15.2.1/../../../../arm-none-eabi/lib/thumb/v7-m/nofp/libg_nano.a(libc_a-memmove.o)
 .debug_frame   0x00002000       0x28 /home/alex/Documents/Application/arm-gnu-toolchain-15.2.rel1-x86_64-arm-none-eabi/bin/../lib/gcc/arm-none-eabi/15.2.1/../../../../arm-none-eabi/lib/thumb/v7-m/nofp/libg_nano.a(libc_a-memchr-stub.o)
 .debug_frame   0x00002028       0x28 /home/alex/Documents/Application/arm-gnu-toolchain-15.2.rel1-x86_64-arm-none-eabi/bin/../lib/gcc/arm-none-eabi/15.2.1/../../../../arm-none-eabi/lib/thumb/v7-m/nofp/libg_nano.a(libc_a-memcpy-stub.o)
 .debug_frame   0x00002050       0x3c /home/alex/Documents/Application/arm-gnu-toolchain-15.2.rel1-x86_64-arm-none-eabi/bin/../lib/gcc/arm-none-eabi/15.2.1/../../../../arm-none-eabi/lib/thumb/v7-m/nofp/libg_nano.a(libc_a-reallocr.o)
 .debug_frame   0x0000208c       0x20 /home/alex/Documents/Application/arm-gnu-toolchain-15.2.rel1-x86_64-arm-none-eabi/bin/../lib/gcc/arm-none-eabi/15.2.1/../../../../arm-none-eabi/lib/thumb/v7-m/nofp/libg_nano.a(libc_a-msizer.o)
 .debug_frame   0x000020ac       0x20 /home/alex/Documents/Application/arm-gnu-toolchain-15.2.rel1-x86_64-arm-none-eabi/bin/../lib/gcc/arm-none-eabi/15.2.1/../../../../arm-none-eabi/lib/thumb/v7-m/nofp/libnosys.a(sbrk.o)

.debug_info     0x00000000     0x7b50
 .debug_info    0x00000000     0x149e CMakeFiles/range-test-rx.dir/Core/Src/main.c.obj
 .debug_info    0x0000149e      0x60d CMakeFiles/range-test-rx.dir/Core/Src/stm32f1xx_it.c.obj
 .debug_info    0x00001aab      0x989 CMakeFiles/range-test-rx.dir/Core/Src/stm32f1xx_hal_msp.c.obj
 .debug_info    0x00002434      0x222 CMakeFiles/range-test-rx.dir/Core/Src/system_stm32f1xx.c.obj
 .debug_info    0x00002656      0x704 CMakeFiles/range-test-rx.dir/Drivers/STM32F1xx_HAL_Driver/Src/stm32f1xx_hal.c.obj
 .debug_info    0x00002d5a      0x7d5 CMakeFiles/range-test-rx.dir/Drivers/STM32F1xx_HAL_Driver/Src/stm32f1xx_hal_rcc.c.obj
 .debug_info    0x0000352f      0x5ab CMakeFiles/range-test-rx.dir/Drivers/STM32F1xx_HAL_Driver/Src/stm32f1xx_hal_gpio.c.obj
 .debug_info    0x00003ada      0x6d2 CMakeFiles/range-test-rx.dir/Drivers/STM32F1xx_HAL_Driver/Src/stm32f1xx_hal_dma.c.obj
 .debug_info    0x000041ac      0xa87 CMakeFiles/range-test-rx.dir/Drivers/STM32F1xx_HAL_Driver/Src/stm32f1xx_hal_cortex.c.obj
 .debug_info    0x00004c33     0x2eed CMakeFiles/range-test-rx.dir/Drivers/STM32F1xx_HAL_Driver/Src/stm32f1xx_hal_uart.c.obj
 .debug_info    0x00007b20       0x30 CMakeFiles/range-test-rx.dir/Drivers/CMSIS/Device/ST/STM32F1xx/Source/Templates/gcc/startup_stm32f103xb.s.obj

.debug_abbrev   0x00000000     0x16b9
 .debug_abbrev  0x00000000      0x388 CMakeFiles/range-test-rx.dir/Core/Src/main.c.obj
 .debug_abbrev  0x00000388      0x18b CMakeFiles/range-test-rx.dir/Core/Src/stm32f1xx_it.c.obj
 .debug_abbrev  0x00000513      0x1ca CMakeFiles/range-test-rx.dir/Core/Src/stm32f1xx_hal_msp.c.obj
 .debug_abbrev  0x000006dd      0x13f CMakeFiles/range-test-rx.dir/Core/Src/system_stm32f1xx.c.obj
 .debug_abbrev  0x0000081c      0x201 CMakeFiles/range-test-rx.dir/Drivers/STM32F1xx_HAL_Driver/Src/stm32f1xx_hal.c.obj
 .debug_abbrev  0x00000a1d      0x2b3 CMakeFiles/range-test-rx.dir/Drivers/STM32F1xx_HAL_Driver/Src/stm32f1xx_hal_rcc.c.obj
 .debug_abbrev  0x00000cd0      0x1ca CMakeFiles/range-test-rx.dir/Drivers/STM32F1xx_HAL_Driver/Src/stm32f1xx_hal_gpio.c.obj
 .debug_abbrev  0x00000e9a      0x20b CMakeFiles/range-test-rx.dir/Drivers/STM32F1xx_HAL_Driver/Src/stm32f1xx_hal_dma.c.obj
 .debug_abbrev  0x000010a5      0x2f8 CMakeFiles/range-test-rx.dir/Drivers/STM32F1xx_HAL_Driver/Src/stm32f1xx_hal_cortex.c.obj
 .debug_abbrev  0x0000139d      0x2f8 CMakeFiles/range-test-rx.dir/Drivers/STM32F1xx_HAL_Driver/Src/stm32f1xx_hal_uart.c.obj
 .debug_abbrev  0x00001695       0x24 CMakeFiles/range-test-rx.dir/Drivers/CMSIS/Device/ST/STM32F1xx/Source/Templates/gcc/startup_stm32f103xb.s.obj

.debug_aranges  0x00000000      0x6e8
 .debug_aranges
                0x00000000       0xa8 CMakeFiles/range-test-rx.dir/Core/Src/main.c.obj
 .debug_aranges
                0x000000a8       0x70 CMakeFiles/range-test-rx.dir/Core/Src/stm32f1xx_it.c.obj
 .debug_aranges
                0x00000118       0x30 CMakeFiles/range-test-rx.dir/Core/Src/stm32f1xx_hal_msp.c.obj
 .debug_aranges
                0x00000148       0x28 CMakeFiles/range-test-rx.dir/Core/Src/system_stm32f1xx.c.obj
 .debug_aranges
                0x00000170       0xe0 CMakeFiles/range-test-rx.dir/Drivers/STM32F1xx_HAL_Driver/Src/stm32f1xx_hal.c.obj
 .debug_aranges
                0x00000250       0x90 CMakeFiles/range-test-rx.dir/Drivers/STM32F1xx_HAL_Driver/Src/stm32f1xx_hal_rcc.c.obj
 .debug_aranges
                0x000002e0       0x58 CMakeFiles/range-test-rx.dir/Drivers/STM32F1xx_HAL_Driver/Src/stm32f1xx_hal_gpio.c.obj
 .debug_aranges
                0x00000338       0x80 CMakeFiles/range-test-rx.dir/Drivers/STM32F1xx_HAL_Driver/Src/stm32f1xx_hal_dma.c.obj
 .debug_aranges
                0x000003b8      0x100 CMakeFiles/range-test-rx.dir/Drivers/STM32F1xx_HAL_Driver/Src/stm32f1xx_hal_cortex.c.obj
 .debug_aranges
                0x000004b8      0x208 CMakeFiles/range-test-rx.dir/Drivers/STM32F1xx_HAL_Driver/Src/stm32f1xx_hal_uart.c.obj
 .debug_aranges
                0x000006c0       0x28 CMakeFiles/range-test-rx.dir/Drivers/CMSIS/Device/ST/STM32F1xx/Source/Templates/gcc/startup_stm32f103xb.s.obj

.debug_rnglists
                0x00000000      0x56b
 .debug_rnglists
                0x00000000       0xa0 CMakeFiles/range-test-rx.dir/Core/Src/main.c.obj
 .debug_rnglists
                0x000000a0       0x4f CMakeFiles/range-test-rx.dir/Core/Src/stm32f1xx_it.c.obj
 .debug_rnglists
                0x000000ef       0x20 CMakeFiles/range-test-rx.dir/Core/Src/stm32f1xx_hal_msp.c.obj
 .debug_rnglists
                0x0000010f       0x1a CMakeFiles/range-test-rx.dir/Core/Src/system_stm32f1xx.c.obj
 .debug_rnglists
                0x00000129       0xa3 CMakeFiles/range-test-rx.dir/Drivers/STM32F1xx_HAL_Driver/Src/stm32f1xx_hal.c.obj
 .debug_rnglists
                0x000001cc       0x6c CMakeFiles/range-test-rx.dir/Drivers/STM32F1xx_HAL_Driver/Src/stm32f1xx_hal_rcc.c.obj
 .debug_rnglists
                0x00000238       0x3f CMakeFiles/range-test-rx.dir/Drivers/STM32F1xx_HAL_Driver/Src/stm32f1xx_hal_gpio.c.obj
 .debug_rnglists
                0x00000277       0x64 CMakeFiles/range-test-rx.dir/Drivers/STM32F1xx_HAL_Driver/Src/stm32f1xx_hal_dma.c.obj
 .debug_rnglists
                0x000002db       0xbb CMakeFiles/range-test-rx.dir/Drivers/STM32F1xx_HAL_Driver/Src/stm32f1xx_hal_cortex.c.obj
 .debug_rnglists
                0x00000396      0x1bc CMakeFiles/range-test-rx.dir/Drivers/STM32F1xx_HAL_Driver/Src/stm32f1xx_hal_uart.c.obj
 .debug_rnglists
                0x00000552       0x19 CMakeFiles/range-test-rx.dir/Drivers/CMSIS/Device/ST/STM32F1xx/Source/Templates/gcc/startup_stm32f103xb.s.obj

.debug_macro    0x00000000    0x16a89
 .debug_macro   0x00000000      0x2c4 CMakeFiles/range-test-rx.dir/Core/Src/main.c.obj
 .debug_macro   0x000002c4      0xad8 CMakeFiles/range-test-rx.dir/Core/Src/main.c.obj
 .debug_macro   0x00000d9c      0x215 CMakeFiles/range-test-rx.dir/Core/Src/main.c.obj
 .debug_macro   0x00000fb1       0x2e CMakeFiles/range-test-rx.dir/Core/Src/main.c.obj
 .debug_macro   0x00000fdf       0x22 CMakeFiles/range-test-rx.dir/Core/Src/main.c.obj
 .debug_macro   0x00001001       0x22 CMakeFiles/range-test-rx.dir/Core/Src/main.c.obj
 .debug_macro   0x00001023       0x8e CMakeFiles/range-test-rx.dir/Core/Src/main.c.obj
 .debug_macro   0x000010b1       0x51 CMakeFiles/range-test-rx.dir/Core/Src/main.c.obj
 .debug_macro   0x00001102      0x103 CMakeFiles/range-test-rx.dir/Core/Src/main.c.obj
 .debug_macro   0x00001205       0x6a CMakeFiles/range-test-rx.dir/Core/Src/main.c.obj
 .debug_macro   0x0000126f      0x1df CMakeFiles/range-test-rx.dir/Core/Src/main.c.obj
 .debug_macro   0x0000144e       0x1c CMakeFiles/range-test-rx.dir/Core/Src/main.c.obj
 .debug_macro   0x0000146a       0x22 CMakeFiles/range-test-rx.dir/Core/Src/main.c.obj
 .debug_macro   0x0000148c       0xbd CMakeFiles/range-test-rx.dir/Core/Src/main.c.obj
 .debug_macro   0x00001549      0xd23 CMakeFiles/range-test-rx.dir/Core/Src/main.c.obj
 .debug_macro   0x0000226c     0xe09e CMakeFiles/range-test-rx.dir/Core/Src/main.c.obj
 .debug_macro   0x0001030a       0x6d CMakeFiles/range-test-rx.dir/Core/Src/main.c.obj
 .debug_macro   0x00010377     0x34a2 CMakeFiles/range-test-rx.dir/Core/Src/main.c.obj
 .debug_macro   0x00013819      0x190 CMakeFiles/range-test-rx.dir/Core/Src/main.c.obj
 .debug_macro   0x000139a9       0x5c CMakeFiles/range-test-rx.dir/Core/Src/main.c.obj
 .debug_macro   0x00013a05      0x5bc CMakeFiles/range-test-rx.dir/Core/Src/main.c.obj
 .debug_macro   0x00013fc1      0x289 CMakeFiles/range-test-rx.dir/Core/Src/main.c.obj
 .debug_macro   0x0001424a      0x1cb CMakeFiles/range-test-rx.dir/Core/Src/main.c.obj
 .debug_macro   0x00014415      0x114 CMakeFiles/range-test-rx.dir/Core/Src/main.c.obj
 .debug_macro   0x00014529      0x1b2 CMakeFiles/range-test-rx.dir/Core/Src/main.c.obj
 .debug_macro   0x000146db       0x27 CMakeFiles/range-test-rx.dir/Core/Src/main.c.obj
 .debug_macro   0x00014702      0x136 CMakeFiles/range-test-rx.dir/Core/Src/main.c.obj
 .debug_macro   0x00014838      0x1bc CMakeFiles/range-test-rx.dir/Core/Src/main.c.obj
 .debug_macro   0x000149f4       0x34 CMakeFiles/range-test-rx.dir/Core/Src/main.c.obj
 .debug_macro   0x00014a28       0x3c CMakeFiles/range-test-rx.dir/Core/Src/main.c.obj
 .debug_macro   0x00014a64       0x57 CMakeFiles/range-test-rx.dir/Core/Src/main.c.obj
 .debug_macro   0x00014abb       0x87 CMakeFiles/range-test-rx.dir/Core/Src/main.c.obj
 .debug_macro   0x00014b42      0x240 CMakeFiles/range-test-rx.dir/Core/Src/main.c.obj
 .debug_macro   0x00014d82      0x140 CMakeFiles/range-test-rx.dir/Core/Src/main.c.obj
 .debug_macro   0x00014ec2      0x28e CMakeFiles/range-test-rx.dir/Core/Src/main.c.obj
 .debug_macro   0x00015150       0x83 CMakeFiles/range-test-rx.dir/Core/Src/main.c.obj
 .debug_macro   0x000151d3       0x5e CMakeFiles/range-test-rx.dir/Core/Src/main.c.obj
 .debug_macro   0x00015231       0x22 CMakeFiles/range-test-rx.dir/Core/Src/main.c.obj
 .debug_macro   0x00015253       0x7b CMakeFiles/range-test-rx.dir/Core/Src/main.c.obj
 .debug_macro   0x000152ce       0x24 CMakeFiles/range-test-rx.dir/Core/Src/main.c.obj
 .debug_macro   0x000152f2       0x3c CMakeFiles/range-test-rx.dir/Core/Src/main.c.obj
 .debug_macro   0x0001532e       0x34 CMakeFiles/range-test-rx.dir/Core/Src/main.c.obj
 .debug_macro   0x00015362      0x364 CMakeFiles/range-test-rx.dir/Core/Src/main.c.obj
 .debug_macro   0x000156c6       0x16 CMakeFiles/range-test-rx.dir/Core/Src/main.c.obj
 .debug_macro   0x000156dc       0x4a CMakeFiles/range-test-rx.dir/Core/Src/main.c.obj
 .debug_macro   0x00015726       0x34 CMakeFiles/range-test-rx.dir/Core/Src/main.c.obj
 .debug_macro   0x0001575a       0x10 CMakeFiles/range-test-rx.dir/Core/Src/main.c.obj
 .debug_macro   0x0001576a       0x58 CMakeFiles/range-test-rx.dir/Core/Src/main.c.obj
 .debug_macro   0x000157c2      0x1e5 CMakeFiles/range-test-rx.dir/Core/Src/main.c.obj
 .debug_macro   0x000159a7       0x10 CMakeFiles/range-test-rx.dir/Core/Src/main.c.obj
 .debug_macro   0x000159b7       0x3c CMakeFiles/range-test-rx.dir/Core/Src/main.c.obj
 .debug_macro   0x000159f3       0x1c CMakeFiles/range-test-rx.dir/Core/Src/main.c.obj
 .debug_macro   0x00015a0f       0x10 CMakeFiles/range-test-rx.dir/Core/Src/main.c.obj
 .debug_macro   0x00015a1f       0x1c CMakeFiles/range-test-rx.dir/Core/Src/main.c.obj
 .debug_macro   0x00015a3b       0x16 CMakeFiles/range-test-rx.dir/Core/Src/main.c.obj
 .debug_macro   0x00015a51      0x170 CMakeFiles/range-test-rx.dir/Core/Src/main.c.obj
 .debug_macro   0x00015bc1      0x1a7 CMakeFiles/range-test-rx.dir/Core/Src/stm32f1xx_it.c.obj
 .debug_macro   0x00015d68      0x19d CMakeFiles/range-test-rx.dir/Core/Src/stm32f1xx_hal_msp.c.obj
 .debug_macro   0x00015f05      0x18e CMakeFiles/range-test-rx.dir/Core/Src/system_stm32f1xx.c.obj
 .debug_macro   0x00016093      0x1b2 CMakeFiles/range-test-rx.dir/Drivers/STM32F1xx_HAL_Driver/Src/stm32f1xx_hal.c.obj
 .debug_macro   0x00016245      0x1a0 CMakeFiles/range-test-rx.dir/Drivers/STM32F1xx_HAL_Driver/Src/stm32f1xx_hal_rcc.c.obj
 .debug_macro   0x000163e5      0x1f9 CMakeFiles/range-test-rx.dir/Drivers/STM32F1xx_HAL_Driver/Src/stm32f1xx_hal_gpio.c.obj
 .debug_macro   0x000165de      0x18e CMakeFiles/range-test-rx.dir/Drivers/STM32F1xx_HAL_Driver/Src/stm32f1xx_hal_dma.c.obj
 .debug_macro   0x0001676c      0x18e CMakeFiles/range-test-rx.dir/Drivers/STM32F1xx_HAL_Driver/Src/stm32f1xx_hal_cortex.c.obj
 .debug_macro   0x000168fa      0x18f CMakeFiles/range-test-rx.dir/Drivers/STM32F1xx_HAL_Driver/Src/stm32f1xx_hal_uart.c.obj

.debug_line     0x00000000     0x80b8
 .debug_line    0x00000000      0xf3e CMakeFiles/range-test-rx.dir/Core/Src/main.c.obj
 .debug_line    0x00000f3e      0x73b CMakeFiles/range-test-rx.dir/Core/Src/stm32f1xx_it.c.obj
 .debug_line    0x00001679      0x6b3 CMakeFiles/range-test-rx.dir/Core/Src/stm32f1xx_hal_msp.c.obj
 .debug_line    0x00001d2c      0x6db CMakeFiles/range-test-rx.dir/Core/Src/system_stm32f1xx.c.obj
 .debug_line    0x00002407      0x90f CMakeFiles/range-test-rx.dir/Drivers/STM32F1xx_HAL_Driver/Src/stm32f1xx_hal.c.obj
 .debug_line    0x00002d16      0xdc5 CMakeFiles/range-test-rx.dir/Drivers/STM32F1xx_HAL_Driver/Src/stm32f1xx_hal_rcc.c.obj
 .debug_line    0x00003adb      0x945 CMakeFiles/range-test-rx.dir/Drivers/STM32F1xx_HAL_Driver/Src/stm32f1xx_hal_gpio.c.obj
 .debug_line    0x00004420      0xd10 CMakeFiles/range-test-rx.dir/Drivers/STM32F1xx_HAL_Driver/Src/stm32f1xx_hal_dma.c.obj
 .debug_line    0x00005130      0xae8 CMakeFiles/range-test-rx.dir/Drivers/STM32F1xx_HAL_Driver/Src/stm32f1xx_hal_cortex.c.obj
 .debug_line    0x00005c18     0x2428 CMakeFiles/range-test-rx.dir/Drivers/STM32F1xx_HAL_Driver/Src/stm32f1xx_hal_uart.c.obj
 .debug_line    0x00008040       0x78 CMakeFiles/range-test-rx.dir/Drivers/CMSIS/Device/ST/STM32F1xx/Source/Templates/gcc/startup_stm32f103xb.s.obj

.debug_str      0x00000000    0x81e60
 .debug_str     0x00000000    0x81e60 CMakeFiles/range-test-rx.dir/Core/Src/main.c.obj
                              0x80b3e (size before relaxing)
 .debug_str     0x00081e60        0x0 CMakeFiles/range-test-rx.dir/Core/Src/stm32f1xx_it.c.obj
                              0x7d040 (size before relaxing)
 .debug_str     0x00081e60        0x0 CMakeFiles/range-test-rx.dir/Core/Src/stm32f1xx_hal_msp.c.obj
                              0x7d362 (size before relaxing)
 .debug_str     0x00081e60        0x0 CMakeFiles/range-test-rx.dir/Core/Src/system_stm32f1xx.c.obj
                              0x7caab (size before relaxing)
 .debug_str     0x00081e60        0x0 CMakeFiles/range-test-rx.dir/Drivers/STM32F1xx_HAL_Driver/Src/stm32f1xx_hal.c.obj
                              0x7d1de (size before relaxing)
 .debug_str     0x00081e60        0x0 CMakeFiles/range-test-rx.dir/Drivers/STM32F1xx_HAL_Driver/Src/stm32f1xx_hal_rcc.c.obj
                              0x7ceda (size before relaxing)
 .debug_str     0x00081e60        0x0 CMakeFiles/range-test-rx.dir/Drivers/STM32F1xx_HAL_Driver/Src/stm32f1xx_hal_gpio.c.obj
                              0x7ce31 (size before relaxing)
 .debug_str     0x00081e60        0x0 CMakeFiles/range-test-rx.dir/Drivers/STM32F1xx_HAL_Driver/Src/stm32f1xx_hal_dma.c.obj
                              0x7ce54 (size before relaxing)
 .debug_str     0x00081e60        0x0 CMakeFiles/range-test-rx.dir/Drivers/STM32F1xx_HAL_Driver/Src/stm32f1xx_hal_cortex.c.obj
                              0x7d12a (size before relaxing)
 .debug_str     0x00081e60        0x0 CMakeFiles/range-test-rx.dir/Drivers/STM32F1xx_HAL_Driver/Src/stm32f1xx_hal_uart.c.obj
                              0x7d54b (size before relaxing)
 .debug_str     0x00081e60        0x0 CMakeFiles/range-test-rx.dir/Drivers/CMSIS/Device/ST/STM32F1xx/Source/Templates/gcc/startup_stm32f103xb.s.obj
                                 0xe0 (size before relaxing)

.comment        0x00000000       0x45
 .comment       0x00000000       0x45 CMakeFiles/range-test-rx.dir/Core/Src/main.c.obj
                                 0x46 (size before relaxing)
 .comment       0x00000045        0x0 CMakeFiles/range-test-rx.dir/Core/Src/stm32f1xx_it.c.obj
                                 0x46 (size before relaxing)
 .comment       0x00000045        0x0 CMakeFiles/range-test-rx.dir/Core/Src/stm32f1xx_hal_msp.c.obj
                                 0x46 (size before relaxing)
 .comment       0x00000045        0x0 CMakeFiles/range-test-rx.dir/Core/Src/system_stm32f1xx.c.obj
                                 0x46 (size before relaxing)
 .comment       0x00000045        0x0 CMakeFiles/range-test-rx.dir/Drivers/STM32F1xx_HAL_Driver/Src/stm32f1xx_hal.c.obj
                                 0x46 (size before relaxing)
 .comment       0x00000045        0x0 CMakeFiles/range-test-rx.dir/Drivers/STM32F1xx_HAL_Driver/Src/stm32f1xx_hal_rcc.c.obj
                                 0x46 (size before relaxing)
 .comment       0x00000045        0x0 CMakeFiles/range-test-rx.dir/Drivers/STM32F1xx_HAL_Driver/Src/stm32f1xx_hal_gpio.c.obj
                                 0x46 (size before relaxing)
 .comment       0x00000045        0x0 CMakeFiles/range-test-rx.dir/Drivers/STM32F1xx_HAL_Driver/Src/stm32f1xx_hal_dma.c.obj
                                 0x46 (size before relaxing)
 .comment       0x00000045        0x0 CMakeFiles/range-test-rx.dir/Drivers/STM32F1xx_HAL_Driver/Src/stm32f1xx_hal_cortex.c.obj
                                 0x46 (size before relaxing)
 .comment       0x00000045        0x0 CMakeFiles/range-test-rx.dir/Drivers/STM32F1xx_HAL_Driver/Src/stm32f1xx_hal_uart.c.obj
                                 0x46 (size before relaxing)

.debug_line_str
                0x00000000      0x1b6
 .debug_line_str
                0x00000000      0x1b6 CMakeFiles/range-test-rx.dir/Drivers/CMSIS/Device/ST/STM32F1xx/Source/Templates/gcc/startup_stm32f103xb.s.obj
                                 0xc4 (size before relaxing)
 .debug_line_str
                0x000001b6        0x0 /home/alex/Documents/Application/arm-gnu-toolchain-15.2.rel1-x86_64-arm-none-eabi/bin/../lib/gcc/arm-none-eabi/15.2.1/../../../../arm-none-eabi/lib/thumb/v7-m/nofp/libg_nano.a(libc_a-strcmp.o)
                                 0xdf (size before relaxing)
 .debug_line_str
                0x000001b6        0x0 /home/alex/Documents/Application/arm-gnu-toolchain-15.2.rel1-x86_64-arm-none-eabi/bin/../lib/gcc/arm-none-eabi/15.2.1/../../../../arm-none-eabi/lib/thumb/v7-m/nofp/libg_nano.a(libc_a-strlen.o)
                                 0xe0 (size before relaxing)
