Archive member included to satisfy reference by file (symbol)

/Applications/ArmGNUToolchain/15.2.rel1/arm-none-eabi/bin/../lib/gcc/arm-none-eabi/15.2.1/../../../../arm-none-eabi/lib/thumb/v7-m/nofp/libc_nano.a(libc_a-exit.o)
                              /Applications/ArmGNUToolchain/15.2.rel1/arm-none-eabi/bin/../lib/gcc/arm-none-eabi/15.2.1/../../../../arm-none-eabi/lib/thumb/v7-m/nofp/crt0.o (exit)
/Applications/ArmGNUToolchain/15.2.rel1/arm-none-eabi/bin/../lib/gcc/arm-none-eabi/15.2.1/../../../../arm-none-eabi/lib/thumb/v7-m/nofp/libc_nano.a(libc_a-findfp.o)
                              /Applications/ArmGNUToolchain/15.2.rel1/arm-none-eabi/bin/../lib/gcc/arm-none-eabi/15.2.1/../../../../arm-none-eabi/lib/thumb/v7-m/nofp/libc_nano.a(libc_a-exit.o) (__stdio_exit_handler)
/Applications/ArmGNUToolchain/15.2.rel1/arm-none-eabi/bin/../lib/gcc/arm-none-eabi/15.2.1/../../../../arm-none-eabi/lib/thumb/v7-m/nofp/libc_nano.a(libc_a-fwalk.o)
                              /Applications/ArmGNUToolchain/15.2.rel1/arm-none-eabi/bin/../lib/gcc/arm-none-eabi/15.2.1/../../../../arm-none-eabi/lib/thumb/v7-m/nofp/libc_nano.a(libc_a-findfp.o) (_fwalk_sglue)
/Applications/ArmGNUToolchain/15.2.rel1/arm-none-eabi/bin/../lib/gcc/arm-none-eabi/15.2.1/../../../../arm-none-eabi/lib/thumb/v7-m/nofp/libc_nano.a(libc_a-memset.o)
                              /Applications/ArmGNUToolchain/15.2.rel1/arm-none-eabi/bin/../lib/gcc/arm-none-eabi/15.2.1/../../../../arm-none-eabi/lib/thumb/v7-m/nofp/crt0.o (memset)
/Applications/ArmGNUToolchain/15.2.rel1/arm-none-eabi/bin/../lib/gcc/arm-none-eabi/15.2.1/../../../../arm-none-eabi/lib/thumb/v7-m/nofp/libc_nano.a(libc_a-init.o)
                              /Applications/ArmGNUToolchain/15.2.rel1/arm-none-eabi/bin/../lib/gcc/arm-none-eabi/15.2.1/../../../../arm-none-eabi/lib/thumb/v7-m/nofp/crt0.o (__libc_init_array)
/Applications/ArmGNUToolchain/15.2.rel1/arm-none-eabi/bin/../lib/gcc/arm-none-eabi/15.2.1/../../../../arm-none-eabi/lib/thumb/v7-m/nofp/libc_nano.a(libc_a-lock.o)
                              /Applications/ArmGNUToolchain/15.2.rel1/arm-none-eabi/bin/../lib/gcc/arm-none-eabi/15.2.1/../../../../arm-none-eabi/lib/thumb/v7-m/nofp/libc_nano.a(libc_a-findfp.o) (__retarget_lock_init_recursive)
/Applications/ArmGNUToolchain/15.2.rel1/arm-none-eabi/bin/../lib/gcc/arm-none-eabi/15.2.1/../../../../arm-none-eabi/lib/thumb/v7-m/nofp/libc_nano.a(libc_a-impure.o)
                              /Applications/ArmGNUToolchain/15.2.rel1/arm-none-eabi/bin/../lib/gcc/arm-none-eabi/15.2.1/../../../../arm-none-eabi/lib/thumb/v7-m/nofp/libc_nano.a(libc_a-findfp.o) (_impure_data)
/Applications/ArmGNUToolchain/15.2.rel1/arm-none-eabi/bin/../lib/gcc/arm-none-eabi/15.2.1/../../../../arm-none-eabi/lib/thumb/v7-m/nofp/libc_nano.a(libc_a-mallocr.o)
                              /Applications/ArmGNUToolchain/15.2.rel1/arm-none-eabi/bin/../lib/gcc/arm-none-eabi/15.2.1/../../../../arm-none-eabi/lib/thumb/v7-m/nofp/libc_nano.a(libc_a-findfp.o) (_malloc_r)
/Applications/ArmGNUToolchain/15.2.rel1/arm-none-eabi/bin/../lib/gcc/arm-none-eabi/15.2.1/../../../../arm-none-eabi/lib/thumb/v7-m/nofp/libc_nano.a(libc_a-mlock.o)
                              /Applications/ArmGNUToolchain/15.2.rel1/arm-none-eabi/bin/../lib/gcc/arm-none-eabi/15.2.1/../../../../arm-none-eabi/lib/thumb/v7-m/nofp/libc_nano.a(libc_a-mallocr.o) (__malloc_lock)
/Applications/ArmGNUToolchain/15.2.rel1/arm-none-eabi/bin/../lib/gcc/arm-none-eabi/15.2.1/../../../../arm-none-eabi/lib/thumb/v7-m/nofp/libc_nano.a(libc_a-stdio.o)
                              /Applications/ArmGNUToolchain/15.2.rel1/arm-none-eabi/bin/../lib/gcc/arm-none-eabi/15.2.1/../../../../arm-none-eabi/lib/thumb/v7-m/nofp/libc_nano.a(libc_a-findfp.o) (__sread)
/Applications/ArmGNUToolchain/15.2.rel1/arm-none-eabi/bin/../lib/gcc/arm-none-eabi/15.2.1/../../../../arm-none-eabi/lib/thumb/v7-m/nofp/libc_nano.a(libc_a-fflush.o)
                              /Applications/ArmGNUToolchain/15.2.rel1/arm-none-eabi/bin/../lib/gcc/arm-none-eabi/15.2.1/../../../../arm-none-eabi/lib/thumb/v7-m/nofp/libc_nano.a(libc_a-findfp.o) (_fflush_r)
/Applications/ArmGNUToolchain/15.2.rel1/arm-none-eabi/bin/../lib/gcc/arm-none-eabi/15.2.1/../../../../arm-none-eabi/lib/thumb/v7-m/nofp/libc_nano.a(libc_a-lseekr.o)
                              /Applications/ArmGNUToolchain/15.2.rel1/arm-none-eabi/bin/../lib/gcc/arm-none-eabi/15.2.1/../../../../arm-none-eabi/lib/thumb/v7-m/nofp/libc_nano.a(libc_a-stdio.o) (_lseek_r)
/Applications/ArmGNUToolchain/15.2.rel1/arm-none-eabi/bin/../lib/gcc/arm-none-eabi/15.2.1/../../../../arm-none-eabi/lib/thumb/v7-m/nofp/libc_nano.a(libc_a-readr.o)
                              /Applications/ArmGNUToolchain/15.2.rel1/arm-none-eabi/bin/../lib/gcc/arm-none-eabi/15.2.1/../../../../arm-none-eabi/lib/thumb/v7-m/nofp/libc_nano.a(libc_a-stdio.o) (_read_r)
[...]
Memory Configuration

Name             Origin             Length             Attributes
RAM              0x20000000         0x00005000         xrw
FLASH            0x08000000         0x00020000         xr
*default*        0x00000000         0xffffffff

Linker script and memory map

LOAD /Applications/ArmGNUToolchain/15.2.rel1/arm-none-eabi/bin/../lib/gcc/arm-none-eabi/15.2.1/thumb/v7-m/nofp/crti.o
LOAD /Applications/ArmGNUToolchain/15.2.rel1/arm-none-eabi/bin/../lib/gcc/arm-none-eabi/15.2.1/thumb/v7-m/nofp/crtbegin.o
LOAD /Applications/ArmGNUToolchain/15.2.rel1/arm-none-eabi/bin/../lib/gcc/arm-none-eabi/15.2.1/../../../../arm-none-eabi/lib/thumb/v7-m/nofp/crt0.o
START GROUP
LOAD /Applications/ArmGNUToolchain/15.2.rel1/arm-none-eabi/bin/../lib/gcc/arm-none-eabi/15.2.1/../../../../arm-none-eabi/lib/thumb/v7-m/nofp/libc_nano.a
LOAD /Applications/ArmGNUToolchain/15.2.rel1/arm-none-eabi/bin/../lib/gcc/arm-none-eabi/15.2.1/../../../../arm-none-eabi/lib/thumb/v7-m/nofp/libm.a
END GROUP
LOAD CMakeFiles/range-test-rx.dir/Core/Src/main.c.obj
LOAD CMakeFiles/range-test-rx.dir/Core/Src/stm32f1xx_it.c.obj
LOAD CMakeFiles/range-test-rx.dir/Core/Src/stm32f1xx_hal_msp.c.obj
LOAD CMakeFiles/range-test-rx.dir/Core/Src/system_stm32f1xx.c.obj
LOAD CMakeFiles/range-test-rx.dir/Drivers/STM32F1xx_HAL_Driver/Src/stm32f1xx_hal.c.obj
LOAD CMakeFiles/range-test-rx.dir/Drivers/STM32F1xx_HAL_Driver/Src/stm32f1xx_hal_rcc.c.obj
LOAD CMakeFiles/range-test-rx.dir/Drivers/STM32F1xx_HAL_Driver/Src/stm32f1xx_hal_rcc_ex.c.obj
LOAD CMakeFiles/range-test-rx.dir/Drivers/STM32F1xx_HAL_Driver/Src/stm32f1xx_hal_flash.c.obj
LOAD CMakeFiles/range-test-rx.dir/Drivers/STM32F1xx_HAL_Driver/Src/stm32f1xx_hal_flash_ex.c.obj
LOAD CMakeFiles/range-test-rx.dir/Drivers/STM32F1xx_HAL_Driver/Src/stm32f1xx_hal_gpio.c.obj
LOAD CMakeFiles/range-test-rx.dir/Drivers/STM32F1xx_HAL_Driver/Src/stm32f1xx_hal_gpio_ex.c.obj
LOAD CMakeFiles/range-test-rx.dir/Drivers/STM32F1xx_HAL_Driver/Src/stm32f1xx_hal_dma.c.obj
LOAD CMakeFiles/range-test-rx.dir/Drivers/STM32F1xx_HAL_Driver/Src/stm32f1xx_hal_pwr.c.obj
LOAD CMakeFiles/range-test-rx.dir/Drivers/STM32F1xx_HAL_Driver/Src/stm32f1xx_hal_cortex.c.obj
LOAD CMakeFiles/range-test-rx.dir/Drivers/STM32F1xx_HAL_Driver/Src/stm32f1xx_hal_exti.c.obj
LOAD CMakeFiles/range-test-rx.dir/Drivers/STM32F1xx_HAL_Driver/Src/stm32f1xx_hal_uart.c.obj
LOAD CMakeFiles/range-test-rx.dir/Drivers/CMSIS/Device/ST/STM32F1xx/Source/Templates/gcc/startup_stm32f103xb.s.obj
START GROUP
LOAD /Applications/ArmGNUToolchain/15.2.rel1/arm-none-eabi/bin/../lib/gcc/arm-none-eabi/15.2.1/thumb/v7-m/nofp/libgcc.a
LOAD /Applications/ArmGNUToolchain/15.2.rel1/arm-none-eabi/bin/../lib/gcc/arm-none-eabi/15.2.1/../../../../arm-none-eabi/lib/thumb/v7-m/nofp/libg_nano.a
LOAD /Applications/ArmGNUToolchain/15.2.rel1/arm-none-eabi/bin/../lib/gcc/arm-none-eabi/15.2.1/../../../../arm-none-eabi/lib/thumb/v7-m/nofp/libc_nano.a
END GROUP
START GROUP
LOAD /Applications/ArmGNUToolchain/15.2.rel1/arm-none-eabi/bin/../lib/gcc/arm-none-eabi/15.2.1/thumb/v7-m/nofp/libgcc.a
LOAD /Applications/ArmGNUToolchain/15.2.rel1/arm-none-eabi/bin/../lib/gcc/arm-none-eabi/15.2.1/../../../../arm-none-eabi/lib/thumb/v7-m/nofp/libc_nano.a
LOAD /Applications/ArmGNUToolchain/15.2.rel1/arm-none-eabi/bin/../lib/gcc/arm-none-eabi/15.2.1/../../../../arm-none-eabi/lib/thumb/v7-m/nofp/libnosys.a
END GROUP
START GROUP
LOAD /Applications/ArmGNUToolchain/15.2.rel1/arm-none-eabi/bin/../lib/gcc/arm-none-eabi/15.2.1/thumb/v7-m/nofp/libgcc.a
LOAD /Applications/ArmGNUToolchain/15.2.rel1/arm-none-eabi/bin/../lib/gcc/arm-none-eabi/15.2.1/../../../../arm-none-eabi/lib/thumb/v7-m/nofp/libc_nano.a
LOAD /Applications/ArmGNUToolchain/15.2.rel1/arm-none-eabi/bin/../lib/gcc/arm-none-eabi/15.2.1/../../../../arm-none-eabi/lib/thumb/v7-m/nofp/libnosys.a
END GROUP
LOAD /Applications/ArmGNUToolchain/15.2.rel1/arm-none-eabi/bin/../lib/gcc/arm-none-eabi/15.2.1/thumb/v7-m/nofp/crtend.o
LOAD /Applications/ArmGNUToolchain/15.2.rel1/arm-none-eabi/bin/../lib/gcc/arm-none-eabi/15.2.1/thumb/v7-m/nofp/crtn.o
                0x20005000                        _estack = (ORIGIN (RAM) + LENGTH (RAM))
                0x00000200                        _Min_Heap_Size = 0x200
                0x00000400                        _Min_Stack_Size = 0x400

.isr_vector     0x08000000      0x10c
                0x08000000                        . = ALIGN (0x4)
 *(.isr_vector)
 .isr_vector    0x08000000      0x10c CMakeFiles/range-test-rx.dir/Drivers/CMSIS/Device/ST/STM32F1xx/Source/Templates/gcc/startup_stm32f103xb.s.obj
                0x08000000                g_pfnVectors
                0x0800010c                        . = ALIGN (0x4)

.text           0x0800010c     0x2958
                0x0800010c                        . = ALIGN (0x4)
 *(.text)
 .text          0x0800010c       0x14 /Applications/ArmGNUToolchain/15.2.rel1/arm-none-eabi/bin/../lib/gcc/arm-none-eabi/15.2.1/../../../../arm-none-eabi/lib/thumb/v7-m/nofp/libg_nano.a(libc_a-strcmp.o)
                0x0800010c                strcmp
 .text          0x08000120       0x10 /Applications/ArmGNUToolchain/15.2.rel1/arm-none-eabi/bin/../lib/gcc/arm-none-eabi/15.2.1/../../../../arm-none-eabi/lib/thumb/v7-m/nofp/libg_nano.a(libc_a-strlen.o)
                0x08000120                strlen
 *(.text*)
 .text.deregister_tm_clones
                0x08000130       0x1c /Applications/ArmGNUToolchain/15.2.rel1/arm-none-eabi/bin/../lib/gcc/arm-none-eabi/15.2.1/thumb/v7-m/nofp/crtbegin.o
 .text.register_tm_clones
                0x0800014c       0x24 /Applications/ArmGNUToolchain/15.2.rel1/arm-none-eabi/bin/../lib/gcc/arm-none-eabi/15.2.1/thumb/v7-m/nofp/crtbegin.o
 .text.__do_global_dtors_aux
                0x08000170       0x28 /Applications/ArmGNUToolchain/15.2.rel1/arm-none-eabi/bin/../lib/gcc/arm-none-eabi/15.2.1/thumb/v7-m/nofp/crtbegin.o
 .text.frame_dummy
                0x08000198       0x24 /Applications/ArmGNUToolchain/15.2.rel1/arm-none-eabi/bin/../lib/gcc/arm-none-eabi/15.2.1/thumb/v7-m/nofp/crtbegin.o
 .text.memset   0x080001bc       0x10 /Applications/ArmGNUToolchain/15.2.rel1/arm-none-eabi/bin/../lib/gcc/arm-none-eabi/15.2.1/../../../../arm-none-eabi/lib/thumb/v7-m/nofp/libc_nano.a(libc_a-memset.o)
                0x080001bc                memset
 .text.__libc_init_array
                0x080001cc       0x48 /Applications/ArmGNUToolchain/15.2.rel1/arm-none-eabi/bin/../lib/gcc/arm-none-eabi/15.2.1/../../../../arm-none-eabi/lib/thumb/v7-m/nofp/libc_nano.a(libc_a-init.o)
                0x080001cc                __libc_init_array
 .text.__retarget_lock_acquire_recursive
                0x08000214        0x2 /Applications/ArmGNUToolchain/15.2.rel1/arm-none-eabi/bin/../lib/gcc/arm-none-eabi/15.2.1/../../../../arm-none-eabi/lib/thumb/v7-m/nofp/libc_nano.a(libc_a-lock.o)
                0x08000214                __retarget_lock_acquire_recursive
 .text.__retarget_lock_release_recursive
                0x08000216        0x2 /Applications/ArmGNUToolchain/15.2.rel1/arm-none-eabi/bin/../lib/gcc/arm-none-eabi/15.2.1/../../../../arm-none-eabi/lib/thumb/v7-m/nofp/libc_nano.a(libc_a-lock.o)
                0x08000216                __retarget_lock_release_recursive
 .text.sbrk_aligned
                0x08000218       0x44 /Applications/ArmGNUToolchain/15.2.rel1/arm-none-eabi/bin/../lib/gcc/arm-none-eabi/15.2.1/../../../../arm-none-eabi/lib/thumb/v7-m/nofp/libc_nano.a(libc_a-mallocr.o)
 .text._malloc_r
                0x0800025c       0xf8 /Applications/ArmGNUToolchain/15.2.rel1/arm-none-eabi/bin/../lib/gcc/arm-none-eabi/15.2.1/../../../../arm-none-eabi/lib/thumb/v7-m/nofp/libc_nano.a(libc_a-mallocr.o)
                0x0800025c                _malloc_r
 .text.__malloc_lock
                0x08000354        0xc /Applications/ArmGNUToolchain/15.2.rel1/arm-none-eabi/bin/../lib/gcc/arm-none-eabi/15.2.1/../../../../arm-none-eabi/lib/thumb/v7-m/nofp/libc_nano.a(libc_a-mlock.o)
                0x08000354                __malloc_lock
 .text.__malloc_unlock
                0x08000360        0xc /Applications/ArmGNUToolchain/15.2.rel1/arm-none-eabi/bin/../lib/gcc/arm-none-eabi/15.2.1/../../../../arm-none-eabi/lib/thumb/v7-m/nofp/libc_nano.a(libc_a-mlock.o)
                0x08000360                __malloc_unlock
 .text._sbrk_r  0x0800036c       0x20 /Applications/ArmGNUToolchain/15.2.rel1/arm-none-eabi/bin/../lib/gcc/arm-none-eabi/15.2.1/../../../../arm-none-eabi/lib/thumb/v7-m/nofp/libc_nano.a(libc_a-sbrkr.o)
                0x0800036c                _sbrk_r
 .text._free_r  0x0800038c       0x94 /Applications/ArmGNUToolchain/15.2.rel1/arm-none-eabi/bin/../lib/gcc/arm-none-eabi/15.2.1/../../../../arm-none-eabi/lib/thumb/v7-m/nofp/libc_nano.a(libc_a-freer.o)
                0x0800038c                _free_r
 .text.Debug_Log
                0x08000420       0x38 CMakeFiles/range-test-rx.dir/Core/Src/main.c.obj
 .text.RN2483_UART_Init
                0x08000458       0xd4 CMakeFiles/range-test-rx.dir/Core/Src/main.c.obj
 .text.RN2483_Flush
                0x0800052c       0x28 CMakeFiles/range-test-rx.dir/Core/Src/main.c.obj
 .text.RN2483_ReadLine
                0x08000554       0x9c CMakeFiles/range-test-rx.dir/Core/Src/main.c.obj
 .text.RN2483_Command
                0x080005f0       0x50 CMakeFiles/range-test-rx.dir/Core/Src/main.c.obj
 .text.RN2483_CommandChecked
                0x08000640       0x50 CMakeFiles/range-test-rx.dir/Core/Src/main.c.obj
 .text.Hex_Nibble
                0x08000690       0x4e CMakeFiles/range-test-rx.dir/Core/Src/main.c.obj
 *fill*         0x080006de        0x2 
 .text.main     0x080006e0      0x454 CMakeFiles/range-test-rx.dir/Core/Src/main.c.obj
                0x080006e0                main
 .text.SystemClock_Config
                0x08000b34       0x82 CMakeFiles/range-test-rx.dir/Core/Src/main.c.obj
                0x08000b34                SystemClock_Config
 *fill*         0x08000bb6        0x2 
 .text.MX_USART2_UART_Init
                0x08000bb8       0x54 CMakeFiles/range-test-rx.dir/Core/Src/main.c.obj
 .text.MX_GPIO_Init
                0x08000c0c       0xdc CMakeFiles/range-test-rx.dir/Core/Src/main.c.obj
 .text.Error_Handler
                0x08000ce8        0xc CMakeFiles/range-test-rx.dir/Core/Src/main.c.obj
                0x08000ce8                Error_Handler
 .text.NMI_Handler
                0x08000cf4        0x8 CMakeFiles/range-test-rx.dir/Core/Src/stm32f1xx_it.c.obj
                0x08000cf4                NMI_Handler
 .text.HardFault_Handler
                0x08000cfc        0x8 CMakeFiles/range-test-rx.dir/Core/Src/stm32f1xx_it.c.obj
                0x08000cfc                HardFault_Handler
 .text.MemManage_Handler
                0x08000d04        0x8 CMakeFiles/range-test-rx.dir/Core/Src/stm32f1xx_it.c.obj
                0x08000d04                MemManage_Handler
 .text.BusFault_Handler
                0x08000d0c        0x8 CMakeFiles/range-test-rx.dir/Core/Src/stm32f1xx_it.c.obj
                0x08000d0c                BusFault_Handler
 .text.UsageFault_Handler
                0x08000d14        0x8 CMakeFiles/range-test-rx.dir/Core/Src/stm32f1xx_it.c.obj
                0x08000d14                UsageFault_Handler
 .text.SVC_Handler
                0x08000d1c        0xc CMakeFiles/range-test-rx.dir/Core/Src/stm32f1xx_it.c.obj
                0x08000d1c                SVC_Handler
 .text.DebugMon_Handler
                0x08000d28        0xc CMakeFiles/range-test-rx.dir/Core/Src/stm32f1xx_it.c.obj
                0x08000d28                DebugMon_Handler
 .text.PendSV_Handler
                0x08000d34        0xc CMakeFiles/range-test-rx.dir/Core/Src/stm32f1xx_it.c.obj
                0x08000d34                PendSV_Handler
 .text.SysTick_Handler
                0x08000d40        0xc CMakeFiles/range-test-rx.dir/Core/Src/stm32f1xx_it.c.obj
                0x08000d40                SysTick_Handler
 .text.EXTI15_10_IRQHandler
                0x08000d4c       0x10 CMakeFiles/range-test-rx.dir/Core/Src/stm32f1xx_it.c.obj
                0x08000d4c                EXTI15_10_IRQHandler
 .text.HAL_MspInit
                0x08000d5c       0x64 CMakeFiles/range-test-rx.dir/Core/Src/stm32f1xx_hal_msp.c.obj
                0x08000d5c                HAL_MspInit
 .text.HAL_UART_MspInit
                0x08000dc0       0x7c CMakeFiles/range-test-rx.dir/Core/Src/stm32f1xx_hal_msp.c.obj
                0x08000dc0                HAL_UART_MspInit
 .text.SystemInit
                0x08000e3c        0xc CMakeFiles/range-test-rx.dir/Core/Src/system_stm32f1xx.c.obj
                0x08000e3c                SystemInit
 .text.HAL_Init
                0x08000e48       0x2c CMakeFiles/range-test-rx.dir/Drivers/STM32F1xx_HAL_Driver/Src/stm32f1xx_hal.c.obj
                0x08000e48                HAL_Init
 .text.HAL_InitTick
                0x08000e74       0x60 CMakeFiles/range-test-rx.dir/Drivers/STM32F1xx_HAL_Driver/Src/stm32f1xx_hal.c.obj
                0x08000e74                HAL_InitTick
 .text.HAL_IncTick
                0x08000ed4       0x24 CMakeFiles/range-test-rx.dir/Drivers/STM32F1xx_HAL_Driver/Src/stm32f1xx_hal.c.obj
                0x08000ed4                HAL_IncTick
 .text.HAL_GetTick
                0x08000ef8       0x14 CMakeFiles/range-test-rx.dir/Drivers/STM32F1xx_HAL_Driver/Src/stm32f1xx_hal.c.obj
                0x08000ef8                HAL_GetTick
 .text.HAL_Delay
                0x08000f0c       0x48 CMakeFiles/range-test-rx.dir/Drivers/STM32F1xx_HAL_Driver/Src/stm32f1xx_hal.c.obj
                0x08000f0c                HAL_Delay
 .text.HAL_RCC_OscConfig
                0x08000f54      0x504 CMakeFiles/range-test-rx.dir/Drivers/STM32F1xx_HAL_Driver/Src/stm32f1xx_hal_rcc.c.obj
                0x08000f54                HAL_RCC_OscConfig
 .text.HAL_RCC_ClockConfig
                0x08001458      0x1d4 CMakeFiles/range-test-rx.dir/Drivers/STM32F1xx_HAL_Driver/Src/stm32f1xx_hal_rcc.c.obj
                0x08001458                HAL_RCC_ClockConfig
 .text.HAL_RCC_GetSysClockFreq
                0x0800162c       0xa8 CMakeFiles/range-test-rx.dir/Drivers/STM32F1xx_HAL_Driver/Src/stm32f1xx_hal_rcc.c.obj
                0x0800162c                HAL_RCC_GetSysClockFreq
 .text.HAL_RCC_GetHCLKFreq
                0x080016d4       0x14 CMakeFiles/range-test-rx.dir/Drivers/STM32F1xx_HAL_Driver/Src/stm32f1xx_hal_rcc.c.obj
                0x080016d4                HAL_RCC_GetHCLKFreq
 .text.HAL_RCC_GetPCLK1Freq
                0x080016e8       0x28 CMakeFiles/range-test-rx.dir/Drivers/STM32F1xx_HAL_Driver/Src/stm32f1xx_hal_rcc.c.obj
                0x080016e8                HAL_RCC_GetPCLK1Freq
 .text.HAL_RCC_GetPCLK2Freq
                0x08001710       0x28 CMakeFiles/range-test-rx.dir/Drivers/STM32F1xx_HAL_Driver/Src/stm32f1xx_hal_rcc.c.obj
                0x08001710                HAL_RCC_GetPCLK2Freq
 .text.RCC_Delay
                0x08001738       0x3c CMakeFiles/range-test-rx.dir/Drivers/STM32F1xx_HAL_Driver/Src/stm32f1xx_hal_rcc.c.obj
 .text.HAL_GPIO_Init
                0x08001774      0x2dc CMakeFiles/range-test-rx.dir/Drivers/STM32F1xx_HAL_Driver/Src/stm32f1xx_hal_gpio.c.obj
                0x08001774                HAL_GPIO_Init
 .text.HAL_GPIO_WritePin
                0x08001a50       0x30 CMakeFiles/range-test-rx.dir/Drivers/STM32F1xx_HAL_Driver/Src/stm32f1xx_hal_gpio.c.obj
                0x08001a50                HAL_GPIO_WritePin
 .text.HAL_GPIO_TogglePin
                0x08001a80       0x32 CMakeFiles/range-test-rx.dir/Drivers/STM32F1xx_HAL_Driver/Src/stm32f1xx_hal_gpio.c.obj
                0x08001a80                HAL_GPIO_TogglePin
 *fill*         0x08001ab2        0x2 
 .text.HAL_GPIO_EXTI_IRQHandler
                0x08001ab4       0x30 CMakeFiles/range-test-rx.dir/Drivers/STM32F1xx_HAL_Driver/Src/stm32f1xx_hal_gpio.c.obj
                0x08001ab4                HAL_GPIO_EXTI_IRQHandler
 .text.HAL_GPIO_EXTI_Callback
                0x08001ae4       0x14 CMakeFiles/range-test-rx.dir/Drivers/STM32F1xx_HAL_Driver/Src/stm32f1xx_hal_gpio.c.obj
                0x08001ae4                HAL_GPIO_EXTI_Callback
 .text.__NVIC_SetPriorityGrouping
                0x08001af8       0x48 CMakeFiles/range-test-rx.dir/Drivers/STM32F1xx_HAL_Driver/Src/stm32f1xx_hal_cortex.c.obj
 .text.__NVIC_GetPriorityGrouping
                0x08001b40       0x1c CMakeFiles/range-test-rx.dir/Drivers/STM32F1xx_HAL_Driver/Src/stm32f1xx_hal_cortex.c.obj
 .text.__NVIC_EnableIRQ
                0x08001b5c       0x38 CMakeFiles/range-test-rx.dir/Drivers/STM32F1xx_HAL_Driver/Src/stm32f1xx_hal_cortex.c.obj
 .text.__NVIC_SetPriority
                0x08001b94       0x54 CMakeFiles/range-test-rx.dir/Drivers/STM32F1xx_HAL_Driver/Src/stm32f1xx_hal_cortex.c.obj
 .text.NVIC_EncodePriority
                0x08001be8       0x6e CMakeFiles/range-test-rx.dir/Drivers/STM32F1xx_HAL_Driver/Src/stm32f1xx_hal_cortex.c.obj
 *fill*         0x08001c56        0x2 
 .text.SysTick_Config
                0x08001c58       0x44 CMakeFiles/range-test-rx.dir/Drivers/STM32F1xx_HAL_Driver/Src/stm32f1xx_hal_cortex.c.obj
 .text.HAL_NVIC_SetPriorityGrouping
                0x08001c9c       0x16 CMakeFiles/range-test-rx.dir/Drivers/STM32F1xx_HAL_Driver/Src/stm32f1xx_hal_cortex.c.obj
                0x08001c9c                HAL_NVIC_SetPriorityGrouping
 .text.HAL_NVIC_SetPriority
                0x08001cb2       0x38 CMakeFiles/range-test-rx.dir/Drivers/STM32F1xx_HAL_Driver/Src/stm32f1xx_hal_cortex.c.obj
                0x08001cb2                HAL_NVIC_SetPriority
 .text.HAL_NVIC_EnableIRQ
                0x08001cea       0x1c CMakeFiles/range-test-rx.dir/Drivers/STM32F1xx_HAL_Driver/Src/stm32f1xx_hal_cortex.c.obj
                0x08001cea                HAL_NVIC_EnableIRQ
 .text.HAL_SYSTICK_Config
                0x08001d06       0x18 CMakeFiles/range-test-rx.dir/Drivers/STM32F1xx_HAL_Driver/Src/stm32f1xx_hal_cortex.c.obj
                0x08001d06                HAL_SYSTICK_Config
 .text.HAL_UART_Init
                0x08001d1e       0xa0 CMakeFiles/range-test-rx.dir/Drivers/STM32F1xx_HAL_Driver/Src/stm32f1xx_hal_uart.c.obj
                0x08001d1e                HAL_UART_Init
 .text.HAL_UART_Transmit
                0x08001dbe      0x116 CMakeFiles/range-test-rx.dir/Drivers/STM32F1xx_HAL_Driver/Src/stm32f1xx_hal_uart.c.obj
                0x08001dbe                HAL_UART_Transmit
 .text.HAL_UART_Receive
                0x08001ed4      0x12e CMakeFiles/range-test-rx.dir/Drivers/STM32F1xx_HAL_Driver/Src/stm32f1xx_hal_uart.c.obj
                0x08001ed4                HAL_UART_Receive
 .text.UART_WaitOnFlagUntilTimeout
                0x08002002       0xb2 CMakeFiles/range-test-rx.dir/Drivers/STM32F1xx_HAL_Driver/Src/stm32f1xx_hal_uart.c.obj
 .text.UART_EndRxTransfer
                0x080020b4       0xc4 CMakeFiles/range-test-rx.dir/Drivers/STM32F1xx_HAL_Driver/Src/stm32f1xx_hal_uart.c.obj
 .text.UART_SetConfig
                0x08002178      0x11c CMakeFiles/range-test-rx.dir/Drivers/STM32F1xx_HAL_Driver/Src/stm32f1xx_hal_uart.c.obj
 .text.Reset_Handler
                0x08002294       0x48 CMakeFiles/range-test-rx.dir/Drivers/CMSIS/Device/ST/STM32F1xx/Source/Templates/gcc/startup_stm32f103xb.s.obj
                0x08002294                Reset_Handler
 .text.Default_Handler
                0x080022dc        0x2 CMakeFiles/range-test-rx.dir/Drivers/CMSIS/Device/ST/STM32F1xx/Source/Templates/gcc/startup_stm32f103xb.s.obj
                0x080022dc                USBWakeUp_IRQHandler
                0x080022dc                EXTI2_IRQHandler
                0x080022dc                TIM1_CC_IRQHandler
                0x080022dc                PVD_IRQHandler
                0x080022dc                EXTI3_IRQHandler
                0x080022dc                EXTI0_IRQHandler
                0x080022dc                I2C2_EV_IRQHandler
                0x080022dc                ADC1_2_IRQHandler
                0x080022dc                SPI1_IRQHandler
                0x080022dc                TAMPER_IRQHandler
                0x080022dc                DMA1_Channel4_IRQHandler
                0x080022dc                USART3_IRQHandler
                0x080022dc                RTC_IRQHandler
                0x080022dc                DMA1_Channel7_IRQHandler
                0x080022dc                CAN1_RX1_IRQHandler
                0x080022dc                TIM4_IRQHandler
                0x080022dc                I2C1_EV_IRQHandler
                0x080022dc                DMA1_Channel6_IRQHandler
                0x080022dc                TIM3_IRQHandler
                0x080022dc                RCC_IRQHandler
                0x080022dc                TIM1_TRG_COM_IRQHandler
                0x080022dc                DMA1_Channel1_IRQHandler
                0x080022dc                Default_Handler
                0x080022dc                EXTI9_5_IRQHandler
                0x080022dc                SPI2_IRQHandler
                0x080022dc                DMA1_Channel5_IRQHandler
                0x080022dc                EXTI4_IRQHandler
                0x080022dc                USB_LP_CAN1_RX0_IRQHandler
                0x080022dc                USB_HP_CAN1_TX_IRQHandler
                0x080022dc                DMA1_Channel3_IRQHandler
                0x080022dc                TIM1_UP_IRQHandler
                0x080022dc                WWDG_IRQHandler
                0x080022dc                TIM2_IRQHandler
                0x080022dc                TIM1_BRK_IRQHandler
                0x080022dc                EXTI1_IRQHandler
                0x080022dc                USART2_IRQHandler
                0x080022dc                I2C2_ER_IRQHandler
                0x080022dc                DMA1_Channel2_IRQHandler
                0x080022dc                CAN1_SCE_IRQHandler
                0x080022dc                FLASH_IRQHandler
                0x080022dc                USART1_IRQHandler
                0x080022dc                I2C1_ER_IRQHandler
                0x080022dc                RTC_Alarm_IRQHandler
 *fill*         0x080022de        0x2 
 .text.snprintf
                0x080022e0       0x64 /Applications/ArmGNUToolchain/15.2.rel1/arm-none-eabi/bin/../lib/gcc/arm-none-eabi/15.2.1/../../../../arm-none-eabi/lib/thumb/v7-m/nofp/libg_nano.a(libc_a-snprintf.o)
                0x080022e0                snprintf
                0x080022e0                sniprintf
 .text.strncmp  0x08002344       0x24 /Applications/ArmGNUToolchain/15.2.rel1/arm-none-eabi/bin/../lib/gcc/arm-none-eabi/15.2.1/../../../../arm-none-eabi/lib/thumb/v7-m/nofp/libg_nano.a(libc_a-strncmp.o)
                0x08002344                strncmp
 .text.__ssputs_r
                0x08002368       0xc0 /Applications/ArmGNUToolchain/15.2.rel1/arm-none-eabi/bin/../lib/gcc/arm-none-eabi/15.2.1/../../../../arm-none-eabi/lib/thumb/v7-m/nofp/libg_nano.a(libc_a-nano-svfprintf.o)
                0x08002368                __ssputs_r
 .text._svfprintf_r
                0x08002428      0x1f0 /Applications/ArmGNUToolchain/15.2.rel1/arm-none-eabi/bin/../lib/gcc/arm-none-eabi/15.2.1/../../../../arm-none-eabi/lib/thumb/v7-m/nofp/libg_nano.a(libc_a-nano-svfprintf.o)
                0x08002428                _svfprintf_r
                0x08002428                _svfiprintf_r
 .text._printf_common
                0x08002618       0xea /Applications/ArmGNUToolchain/15.2.rel1/arm-none-eabi/bin/../lib/gcc/arm-none-eabi/15.2.1/../../../../arm-none-eabi/lib/thumb/v7-m/nofp/libg_nano.a(libc_a-nano-vfprintf_i.o)
                0x08002618                _printf_common
 *fill*         0x08002702        0x2 
 .text._printf_i
                0x08002704      0x254 /Applications/ArmGNUToolchain/15.2.rel1/arm-none-eabi/bin/../lib/gcc/arm-none-eabi/15.2.1/../../../../arm-none-eabi/lib/thumb/v7-m/nofp/libg_nano.a(libc_a-nano-vfprintf_i.o)
                0x08002704                _printf_i
 .text._realloc_r
                0x08002958       0x5c /Applications/ArmGNUToolchain/15.2.rel1/arm-none-eabi/bin/../lib/gcc/arm-none-eabi/15.2.1/../../../../arm-none-eabi/lib/thumb/v7-m/nofp/libg_nano.a(libc_a-reallocr.o)
                0x08002958                _realloc_r
 .text.memmove  0x080029b4       0x32 /Applications/ArmGNUToolchain/15.2.rel1/arm-none-eabi/bin/../lib/gcc/arm-none-eabi/15.2.1/../../../../arm-none-eabi/lib/thumb/v7-m/nofp/libg_nano.a(libc_a-memmove.o)
                0x080029b4                memmove
 .text.memchr   0x080029e6       0x1c /Applications/ArmGNUToolchain/15.2.rel1/arm-none-eabi/bin/../lib/gcc/arm-none-eabi/15.2.1/../../../../arm-none-eabi/lib/thumb/v7-m/nofp/libg_nano.a(libc_a-memchr-stub.o)
                0x080029e6                memchr
 .text.memcpy   0x08002a02       0x1c /Applications/ArmGNUToolchain/15.2.rel1/arm-none-eabi/bin/../lib/gcc/arm-none-eabi/15.2.1/../../../../arm-none-eabi/lib/thumb/v7-m/nofp/libg_nano.a(libc_a-memcpy-stub.o)
                0x08002a02                memcpy
 .text._malloc_usable_size_r
                0x08002a1e       0x10 /Applications/ArmGNUToolchain/15.2.rel1/arm-none-eabi/bin/../lib/gcc/arm-none-eabi/15.2.1/../../../../arm-none-eabi/lib/thumb/v7-m/nofp/libg_nano.a(libc_a-msizer.o)
                0x08002a1e                _malloc_usable_size_r
 *fill*         0x08002a2e        0x2 
 .text._sbrk    0x08002a30       0x1c /Applications/ArmGNUToolchain/15.2.rel1/arm-none-eabi/bin/../lib/gcc/arm-none-eabi/15.2.1/../../../../arm-none-eabi/lib/thumb/v7-m/nofp/libnosys.a(sbrk.o)
                0x08002a30                _sbrk
 *(.glue_7)
 .glue_7        0x08002a4c        0x0 linker stubs
 *(.glue_7t)
 .glue_7t       0x08002a4c        0x0 linker stubs
 *(.eh_frame)
 .eh_frame      0x08002a4c        0x0 /Applications/ArmGNUToolchain/15.2.rel1/arm-none-eabi/bin/../lib/gcc/arm-none-eabi/15.2.1/thumb/v7-m/nofp/crtbegin.o
 *(.init)
 .init          0x08002a4c        0x4 /Applications/ArmGNUToolchain/15.2.rel1/arm-none-eabi/bin/../lib/gcc/arm-none-eabi/15.2.1/thumb/v7-m/nofp/crti.o
                0x08002a4c                _init
 .init          0x08002a50        0x8 /Applications/ArmGNUToolchain/15.2.rel1/arm-none-eabi/bin/../lib/gcc/arm-none-eabi/15.2.1/thumb/v7-m/nofp/crtn.o
 *(.fini)
 .fini          0x08002a58        0x4 /Applications/ArmGNUToolchain/15.2.rel1/arm-none-eabi/bin/../lib/gcc/arm-none-eabi/15.2.1/thumb/v7-m/nofp/crti.o
                0x08002a58                _fini
 .fini          0x08002a5c        0x8 /Applications/ArmGNUToolchain/15.2.rel1/arm-none-eabi/bin/../lib/gcc/arm-none-eabi/15.2.1/thumb/v7-m/nofp/crtn.o
                0x08002a64                        . = ALIGN (0x4)
                0x08002a64                        _etext = .

.vfp11_veneer   0x08002a64        0x0
 .vfp11_veneer  0x08002a64        0x0 linker stubs

.v4_bx          0x08002a64        0x0
 .v4_bx         0x08002a64        0x0 linker stubs

.iplt           0x08002a64        0x0
 .iplt          0x08002a64        0x0 /Applications/ArmGNUToolchain/15.2.rel1/arm-none-eabi/bin/../lib/gcc/arm-none-eabi/15.2.1/thumb/v7-m/nofp/crtbegin.o

.rodata         0x08002a64      0x2fc
                0x08002a64                        . = ALIGN (0x4)
 *(.rodata)
 .rodata        0x08002a64      0x29b CMakeFiles/range-test-rx.dir/Core/Src/main.c.obj
 *(.rodata*)
 *fill*         0x08002cff        0x1 
 .rodata.AHBPrescTable
                0x08002d00       0x10 CMakeFiles/range-test-rx.dir/Core/Src/system_stm32f1xx.c.obj
                0x08002d00                AHBPrescTable
 .rodata.APBPrescTable
                0x08002d10        0x8 CMakeFiles/range-test-rx.dir/Core/Src/system_stm32f1xx.c.obj
                0x08002d10                APBPrescTable
 .rodata.aPLLMULFactorTable.1
                0x08002d18       0x10 CMakeFiles/range-test-rx.dir/Drivers/STM32F1xx_HAL_Driver/Src/stm32f1xx_hal_rcc.c.obj
 .rodata.aPredivFactorTable.0
                0x08002d28        0x2 CMakeFiles/range-test-rx.dir/Drivers/STM32F1xx_HAL_Driver/Src/stm32f1xx_hal_rcc.c.obj
 .rodata._svfprintf_r.str1.1
                0x08002d2a       0x33 /Applications/ArmGNUToolchain/15.2.rel1/arm-none-eabi/bin/../lib/gcc/arm-none-eabi/15.2.1/../../../../arm-none-eabi/lib/thumb/v7-m/nofp/libg_nano.a(libc_a-nano-svfprintf.o)
                                 0x11 (size before relaxing)
 .rodata._printf_i.str1.1
                0x08002d5d        0x0 /Applications/ArmGNUToolchain/15.2.rel1/arm-none-eabi/bin/../lib/gcc/arm-none-eabi/15.2.1/../../../../arm-none-eabi/lib/thumb/v7-m/nofp/libg_nano.a(libc_a-nano-vfprintf_i.o)
                                 0x22 (size before relaxing)
                0x08002d60                        . = ALIGN (0x4)
 *fill*         0x08002d5d        0x3 

.ARM.extab      0x08002d60        0x0
                0x08002d60                        . = ALIGN (0x4)
 *(.ARM.extab* .gnu.linkonce.armextab.*)
                0x08002d60                        . = ALIGN (0x4)

.ARM            0x08002d60        0x8
                0x08002d60                        . = ALIGN (0x4)
                0x08002d60                        __exidx_start = .
 *(.ARM.exidx*)
 .ARM.exidx     0x08002d60        0x8 /Applications/ArmGNUToolchain/15.2.rel1/arm-none-eabi/bin/../lib/gcc/arm-none-eabi/15.2.1/../../../../arm-none-eabi/lib/thumb/v7-m/nofp/libg_nano.a(libc_a-strcmp.o)
 .ARM.exidx     0x08002d68        0x0 /Applications/ArmGNUToolchain/15.2.rel1/arm-none-eabi/bin/../lib/gcc/arm-none-eabi/15.2.1/../../../../arm-none-eabi/lib/thumb/v7-m/nofp/libg_nano.a(libc_a-strlen.o)
                                  0x8 (size before relaxing)
                0x08002d68                        __exidx_end = .
                0x08002d68                        . = ALIGN (0x4)

.preinit_array  0x08002d68        0x0
                0x08002d68                        . = ALIGN (0x4)
                0x08002d68                        PROVIDE (__preinit_array_start = .)
 *(.preinit_array*)
                0x08002d68                        PROVIDE (__preinit_array_end = .)
                0x08002d68                        . = ALIGN (0x4)

.init_array     0x08002d68        0x4
                0x08002d68                        . = ALIGN (0x4)
                0x08002d68                        PROVIDE (__init_array_start = .)
 *(SORT_BY_NAME(.init_array.*))
 *(.init_array*)
 .init_array    0x08002d68        0x4 /Applications/ArmGNUToolchain/15.2.rel1/arm-none-eabi/bin/../lib/gcc/arm-none-eabi/15.2.1/thumb/v7-m/nofp/crtbegin.o
                0x08002d6c                        PROVIDE (__init_array_end = .)
                0x08002d6c                        . = ALIGN (0x4)

.fini_array     0x08002d6c        0x4
                0x08002d6c                        . = ALIGN (0x4)
                [!provide]                        PROVIDE (__fini_array_start = .)
 *(SORT_BY_NAME(.fini_array.*))
 *(.fini_array*)
 .fini_array    0x08002d6c        0x4 /Applications/ArmGNUToolchain/15.2.rel1/arm-none-eabi/bin/../lib/gcc/arm-none-eabi/15.2.1/thumb/v7-m/nofp/crtbegin.o
                [!provide]                        PROVIDE (__fini_array_end = .)
                0x08002d70                        . = ALIGN (0x4)
                0x08002d70                        _sidata = LOADADDR (.data)

.rel.dyn        0x08002d70        0x0
 .rel.iplt      0x08002d70        0x0 /Applications/ArmGNUToolchain/15.2.rel1/arm-none-eabi/bin/../lib/gcc/arm-none-eabi/15.2.1/thumb/v7-m/nofp/crtbegin.o

.data           0x20000000       0x5c load address 0x08002d70
                0x20000000                        . = ALIGN (0x4)
                0x20000000                        _sdata = .
 *(.data)
 *(.data*)
 .data._impure_ptr
                0x20000000        0x4 /Applications/ArmGNUToolchain/15.2.rel1/arm-none-eabi/bin/../lib/gcc/arm-none-eabi/15.2.1/../../../../arm-none-eabi/lib/thumb/v7-m/nofp/libc_nano.a(libc_a-impure.o)
                0x20000000                _impure_ptr
 .data._impure_data
                0x20000004       0x4c /Applications/ArmGNUToolchain/15.2.rel1/arm-none-eabi/bin/../lib/gcc/arm-none-eabi/15.2.1/../../../../arm-none-eabi/lib/thumb/v7-m/nofp/libc_nano.a(libc_a-impure.o)
                0x20000004                _impure_data
 .data.SystemCoreClock
                0x20000050        0x4 CMakeFiles/range-test-rx.dir/Core/Src/system_stm32f1xx.c.obj
                0x20000050                SystemCoreClock
 .data.uwTickPrio
                0x20000054        0x4 CMakeFiles/range-test-rx.dir/Drivers/STM32F1xx_HAL_Driver/Src/stm32f1xx_hal.c.obj
                0x20000054                uwTickPrio
 .data.uwTickFreq
                0x20000058        0x1 CMakeFiles/range-test-rx.dir/Drivers/STM32F1xx_HAL_Driver/Src/stm32f1xx_hal.c.obj
                0x20000058                uwTickFreq
                0x2000005c                        . = ALIGN (0x4)
 *fill*         0x20000059        0x3 
                0x2000005c                        _edata = .

.tm_clone_table
                0x2000005c        0x0 load address 0x08002dcc
 .tm_clone_table
                0x2000005c        0x0 /Applications/ArmGNUToolchain/15.2.rel1/arm-none-eabi/bin/../lib/gcc/arm-none-eabi/15.2.1/thumb/v7-m/nofp/crtbegin.o
 .tm_clone_table
                0x2000005c        0x0 /Applications/ArmGNUToolchain/15.2.rel1/arm-none-eabi/bin/../lib/gcc/arm-none-eabi/15.2.1/thumb/v7-m/nofp/crtend.o

.igot.plt       0x2000005c        0x0 load address 0x08002dcc
 .igot.plt      0x2000005c        0x0 /Applications/ArmGNUToolchain/15.2.rel1/arm-none-eabi/bin/../lib/gcc/arm-none-eabi/15.2.1/thumb/v7-m/nofp/crtbegin.o
                0x2000005c                        . = ALIGN (0x4)

.bss            0x2000005c      0x200 load address 0x08002dcc
                0x2000005c                        _sbss = .
                0x2000005c                        __bss_start__ = _sbss
 *(.bss)
 *(.bss*)
 .bss.completed.1
                0x2000005c        0x1 /Applications/ArmGNUToolchain/15.2.rel1/arm-none-eabi/bin/../lib/gcc/arm-none-eabi/15.2.1/thumb/v7-m/nofp/crtbegin.o
 *fill*         0x2000005d        0x3 
 .bss.object.0  0x20000060       0x18 /Applications/ArmGNUToolchain/15.2.rel1/arm-none-eabi/bin/../lib/gcc/arm-none-eabi/15.2.1/thumb/v7-m/nofp/crtbegin.o
 .bss.__sf      0x20000078      0x138 /Applications/ArmGNUToolchain/15.2.rel1/arm-none-eabi/bin/../lib/gcc/arm-none-eabi/15.2.1/../../../../arm-none-eabi/lib/thumb/v7-m/nofp/libc_nano.a(libc_a-findfp.o)
                0x20000078                __sf
 .bss.__lock___malloc_recursive_mutex
                0x200001b0        0x1 /Applications/ArmGNUToolchain/15.2.rel1/arm-none-eabi/bin/../lib/gcc/arm-none-eabi/15.2.1/../../../../arm-none-eabi/lib/thumb/v7-m/nofp/libc_nano.a(libc_a-lock.o)
                0x200001b0                __lock___malloc_recursive_mutex
 *fill*         0x200001b1        0x3 
 .bss.__malloc_sbrk_start
                0x200001b4        0x4 /Applications/ArmGNUToolchain/15.2.rel1/arm-none-eabi/bin/../lib/gcc/arm-none-eabi/15.2.1/../../../../arm-none-eabi/lib/thumb/v7-m/nofp/libc_nano.a(libc_a-mallocr.o)
                0x200001b4                __malloc_sbrk_start
 .bss.__malloc_free_list
                0x200001b8        0x4 /Applications/ArmGNUToolchain/15.2.rel1/arm-none-eabi/bin/../lib/gcc/arm-none-eabi/15.2.1/../../../../arm-none-eabi/lib/thumb/v7-m/nofp/libc_nano.a(libc_a-mallocr.o)
                0x200001b8                __malloc_free_list
 .bss.errno     0x200001bc        0x4 /Applications/ArmGNUToolchain/15.2.rel1/arm-none-eabi/bin/../lib/gcc/arm-none-eabi/15.2.1/../../../../arm-none-eabi/lib/thumb/v7-m/nofp/libc_nano.a(libc_a-reent.o)
                0x200001bc                errno
 .bss.huart2    0x200001c0       0x48 CMakeFiles/range-test-rx.dir/Core/Src/main.c.obj
                0x200001c0                huart2
 .bss.huart1    0x20000208       0x48 CMakeFiles/range-test-rx.dir/Core/Src/main.c.obj
                0x20000208                huart1
 .bss.rx_count  0x20000250        0x4 CMakeFiles/range-test-rx.dir/Core/Src/main.c.obj
 .bss.uwTick    0x20000254        0x4 CMakeFiles/range-test-rx.dir/Drivers/STM32F1xx_HAL_Driver/Src/stm32f1xx_hal.c.obj
                0x20000254                uwTick
 .bss.heap_end.0
                0x20000258        0x4 /Applications/ArmGNUToolchain/15.2.rel1/arm-none-eabi/bin/../lib/gcc/arm-none-eabi/15.2.1/../../../../arm-none-eabi/lib/thumb/v7-m/nofp/libnosys.a(sbrk.o)
 *(COMMON)
                0x2000025c                        . = ALIGN (0x4)
                0x2000025c                        _ebss = .
                0x2000025c                        __bss_end__ = _ebss

._user_heap_stack
                0x2000025c      0x604 load address 0x08002dcc
                0x20000260                        . = ALIGN (0x8)
 *fill*         0x2000025c        0x4 
                0x20000260                        PROVIDE (end = .)
                [!provide]                        PROVIDE (_end = .)
                0x20000460                        . = (. + _Min_Heap_Size)
 *fill*         0x20000260      0x200 
                0x20000860                        . = (. + _Min_Stack_Size)
 *fill*         0x20000460      0x400 
                0x20000860                        . = ALIGN (0x8)

/DISCARD/
 libc.a(*)
 libm.a(*)
 libgcc.a(*)

.ARM.attributes
                0x00000000       0x29
 *(.ARM.attributes)
 .ARM.attributes
                0x00000000       0x1d /Applications/ArmGNUToolchain/15.2.rel1/arm-none-eabi/bin/../lib/gcc/arm-none-eabi/15.2.1/thumb/v7-m/nofp/crti.o
 .ARM.attributes
                0x0000001d       0x2d /Applications/ArmGNUToolchain/15.2.rel1/arm-none-eabi/bin/../lib/gcc/arm-none-eabi/15.2.1/thumb/v7-m/nofp/crtbegin.o
 .ARM.attributes
                0x0000004a       0x2d /Applications/ArmGNUToolchain/15.2.rel1/arm-none-eabi/bin/../lib/gcc/arm-none-eabi/15.2.1/../../../../arm-none-eabi/lib/thumb/v7-m/nofp/libc_nano.a(libc_a-findfp.o)
 .ARM.attributes
                0x00000077       0x2d /Applications/ArmGNUToolchain/15.2.rel1/arm-none-eabi/bin/../lib/gcc/arm-none-eabi/15.2.1/../../../../arm-none-eabi/lib/thumb/v7-m/nofp/libc_nano.a(libc_a-memset.o)
 .ARM.attributes
                0x000000a4       0x2d /Applications/ArmGNUToolchain/15.2.rel1/arm-none-eabi/bin/../lib/gcc/arm-none-eabi/15.2.1/../../../../arm-none-eabi/lib/thumb/v7-m/nofp/libc_nano.a(libc_a-init.o)
 .ARM.attributes
                0x000000d1       0x2d /Applications/ArmGNUToolchain/15.2.rel1/arm-none-eabi/bin/../lib/gcc/arm-none-eabi/15.2.1/../../../../arm-none-eabi/lib/thumb/v7-m/nofp/libc_nano.a(libc_a-lock.o)
 .ARM.attributes
                0x000000fe       0x2d /Applications/ArmGNUToolchain/15.2.rel1/arm-none-eabi/bin/../lib/gcc/arm-none-eabi/15.2.1/../../../../arm-none-eabi/lib/thumb/v7-m/nofp/libc_nano.a(libc_a-impure.o)
 .ARM.attributes
                0x0000012b       0x2d /Applications/ArmGNUToolchain/15.2.rel1/arm-none-eabi/bin/../lib/gcc/arm-none-eabi/15.2.1/../../../../arm-none-eabi/lib/thumb/v7-m/nofp/libc_nano.a(libc_a-mallocr.o)
 .ARM.attributes
                0x00000158       0x2d /Applications/ArmGNUToolchain/15.2.rel1/arm-none-eabi/bin/../lib/gcc/arm-none-eabi/15.2.1/../../../../arm-none-eabi/lib/thumb/v7-m/nofp/libc_nano.a(libc_a-mlock.o)
 .ARM.attributes
                0x00000185       0x2d /Applications/ArmGNUToolchain/15.2.rel1/arm-none-eabi/bin/../lib/gcc/arm-none-eabi/15.2.1/../../../../arm-none-eabi/lib/thumb/v7-m/nofp/libc_nano.a(libc_a-sbrkr.o)
 .ARM.attributes
                0x000001b2       0x2d /Applications/ArmGNUToolchain/15.2.rel1/arm-none-eabi/bin/../lib/gcc/arm-none-eabi/15.2.1/../../../../arm-none-eabi/lib/thumb/v7-m/nofp/libc_nano.a(libc_a-reent.o)
 .ARM.attributes
                0x000001df       0x2d /Applications/ArmGNUToolchain/15.2.rel1/arm-none-eabi/bin/../lib/gcc/arm-none-eabi/15.2.1/../../../../arm-none-eabi/lib/thumb/v7-m/nofp/libc_nano.a(libc_a-freer.o)
 .ARM.attributes
                0x0000020c       0x2d CMakeFiles/range-test-rx.dir/Core/Src/main.c.obj
 .ARM.attributes
                0x00000239       0x2d CMakeFiles/range-test-rx.dir/Core/Src/stm32f1xx_it.c.obj
 .ARM.attributes
                0x00000266       0x2d CMakeFiles/range-test-rx.dir/Core/Src/stm32f1xx_hal_msp.c.obj
 .ARM.attributes
                0x00000293       0x2d CMakeFiles/range-test-rx.dir/Core/Src/system_stm32f1xx.c.obj
 .ARM.attributes
                0x000002c0       0x2d CMakeFiles/range-test-rx.dir/Drivers/STM32F1xx_HAL_Driver/Src/stm32f1xx_hal.c.obj
 .ARM.attributes
                0x000002ed       0x2d CMakeFiles/range-test-rx.dir/Drivers/STM32F1xx_HAL_Driver/Src/stm32f1xx_hal_rcc.c.obj
 .ARM.attributes
                0x0000031a       0x2d CMakeFiles/range-test-rx.dir/Drivers/STM32F1xx_HAL_Driver/Src/stm32f1xx_hal_gpio.c.obj
 .ARM.attributes
                0x00000347       0x2d CMakeFiles/range-test-rx.dir/Drivers/STM32F1xx_HAL_Driver/Src/stm32f1xx_hal_cortex.c.obj
 .ARM.attributes
                0x00000374       0x2d CMakeFiles/range-test-rx.dir/Drivers/STM32F1xx_HAL_Driver/Src/stm32f1xx_hal_uart.c.obj
 .ARM.attributes
                0x000003a1       0x21 CMakeFiles/range-test-rx.dir/Drivers/CMSIS/Device/ST/STM32F1xx/Source/Templates/gcc/startup_stm32f103xb.s.obj
 .ARM.attributes
                0x000003c2       0x2d /Applications/ArmGNUToolchain/15.2.rel1/arm-none-eabi/bin/../lib/gcc/arm-none-eabi/15.2.1/../../../../arm-none-eabi/lib/thumb/v7-m/nofp/libg_nano.a(libc_a-snprintf.o)
 .ARM.attributes
                0x000003ef       0x2d /Applications/ArmGNUToolchain/15.2.rel1/arm-none-eabi/bin/../lib/gcc/arm-none-eabi/15.2.1/../../../../arm-none-eabi/lib/thumb/v7-m/nofp/libg_nano.a(libc_a-strncmp.o)
 .ARM.attributes
                0x0000041c       0x1b /Applications/ArmGNUToolchain/15.2.rel1/arm-none-eabi/bin/../lib/gcc/arm-none-eabi/15.2.1/../../../../arm-none-eabi/lib/thumb/v7-m/nofp/libg_nano.a(libc_a-strcmp.o)
 .ARM.attributes
                0x00000437       0x17 /Applications/ArmGNUToolchain/15.2.rel1/arm-none-eabi/bin/../lib/gcc/arm-none-eabi/15.2.1/../../../../arm-none-eabi/lib/thumb/v7-m/nofp/libg_nano.a(libc_a-strlen.o)
 .ARM.attributes
                0x0000044e       0x2d /Applications/ArmGNUToolchain/15.2.rel1/arm-none-eabi/bin/../lib/gcc/arm-none-eabi/15.2.1/../../../../arm-none-eabi/lib/thumb/v7-m/nofp/libg_nano.a(libc_a-nano-svfprintf.o)
 .ARM.attributes
                0x0000047b       0x2d /Applications/ArmGNUToolchain/15.2.rel1/arm-none-eabi/bin/../lib/gcc/arm-none-eabi/15.2.1/../../../../arm-none-eabi/lib/thumb/v7-m/nofp/libg_nano.a(libc_a-nano-vfprintf_i.o)
 .ARM.attributes
                0x000004a8       0x2d /Applications/ArmGNUToolchain/15.2.rel1/arm-none-eabi/bin/../lib/gcc/arm-none-eabi/15.2.1/../../../../arm-none-eabi/lib/thumb/v7-m/nofp/libg_nano.a(libc_a-reallocr.o)
 .ARM.attributes
                0x000004d5       0x2d /Applications/ArmGNUToolchain/15.2.rel1/arm-none-eabi/bin/../lib/gcc/arm-none-eabi/15.2.1/../../../../arm-none-eabi/lib/thumb/v7-m/nofp/libg_nano.a(libc_a-memmove.o)
 .ARM.attributes
                0x00000502       0x2d /Applications/ArmGNUToolchain/15.2.rel1/arm-none-eabi/bin/../lib/gcc/arm-none-eabi/15.2.1/../../../../arm-none-eabi/lib/thumb/v7-m/nofp/libg_nano.a(libc_a-memchr-stub.o)
 .ARM.attributes
                0x0000052f       0x2d /Applications/ArmGNUToolchain/15.2.rel1/arm-none-eabi/bin/../lib/gcc/arm-none-eabi/15.2.1/../../../../arm-none-eabi/lib/thumb/v7-m/nofp/libg_nano.a(libc_a-memcpy-stub.o)
 .ARM.attributes
                0x0000055c       0x2d /Applications/ArmGNUToolchain/15.2.rel1/arm-none-eabi/bin/../lib/gcc/arm-none-eabi/15.2.1/../../../../arm-none-eabi/lib/thumb/v7-m/nofp/libg_nano.a(libc_a-msizer.o)
 .ARM.attributes
                0x00000589       0x2d /Applications/ArmGNUToolchain/15.2.rel1/arm-none-eabi/bin/../lib/gcc/arm-none-eabi/15.2.1/../../../../arm-none-eabi/lib/thumb/v7-m/nofp/libnosys.a(sbrk.o)
 .ARM.attributes
                0x000005b6       0x2d /Applications/ArmGNUToolchain/15.2.rel1/arm-none-eabi/bin/../lib/gcc/arm-none-eabi/15.2.1/thumb/v7-m/nofp/crtend.o
 .ARM.attributes
                0x000005e3       0x1d /Applications/ArmGNUToolchain/15.2.rel1/arm-none-eabi/bin/../lib/gcc/arm-none-eabi/15.2.1/thumb/v7-m/nofp/crtn.o
OUTPUT(range-test-rx.elf elf32-littlearm)
LOAD linker stubs
LOAD /Applications/ArmGNUToolchain/15.2.rel1/arm-none-eabi/bin/../lib/gcc/arm-none-eabi/15.2.1/../../../../arm-none-eabi/lib/thumb/v7-m/nofp/libc.a
LOAD /Applications/ArmGNUToolchain/15.2.rel1/arm-none-eabi/bin/../lib/gcc/arm-none-eabi/15.2.1/../../../../arm-none-eabi/lib/thumb/v7-m/nofp/libm.a
LOAD /Applications/ArmGNUToolchain/15.2.rel1/arm-none-eabi/bin/../lib/gcc/arm-none-eabi/15.2.1/thumb/v7-m/nofp/libgcc.a

.debug_frame    0x00000000     0x1dcc
 .debug_frame   0x00000000      0x144 /Applications/ArmGNUToolchain/15.2.rel1/arm-none-eabi/bin/../lib/gcc/arm-none-eabi/15.2.1/../../../../arm-none-eabi/lib/thumb/v7-m/nofp/libc_nano.a(libc_a-findfp.o)
 .debug_frame   0x00000144       0x20 /Applications/ArmGNUToolchain/15.2.rel1/arm-none-eabi/bin/../lib/gcc/arm-none-eabi/15.2.1/../../../../arm-none-eabi/lib/thumb/v7-m/nofp/libc_nano.a(libc_a-memset.o)
 .debug_frame   0x00000164       0x2c /Applications/ArmGNUToolchain/15.2.rel1/arm-none-eabi/bin/../lib/gcc/arm-none-eabi/15.2.1/../../../../arm-none-eabi/lib/thumb/v7-m/nofp/libc_nano.a(libc_a-init.o)
 .debug_frame   0x00000190       0xb0 /Applications/ArmGNUToolchain/15.2.rel1/arm-none-eabi/bin/../lib/gcc/arm-none-eabi/15.2.1/../../../../arm-none-eabi/lib/thumb/v7-m/nofp/libc_nano.a(libc_a-lock.o)
 .debug_frame   0x00000240       0x50 /Applications/ArmGNUToolchain/15.2.rel1/arm-none-eabi/bin/../lib/gcc/arm-none-eabi/15.2.1/../../../../arm-none-eabi/lib/thumb/v7-m/nofp/libc_nano.a(libc_a-mallocr.o)
 .debug_frame   0x00000290       0x30 /Applications/ArmGNUToolchain/15.2.rel1/arm-none-eabi/bin/../lib/gcc/arm-none-eabi/15.2.1/../../../../arm-none-eabi/lib/thumb/v7-m/nofp/libc_nano.a(libc_a-mlock.o)
 .debug_frame   0x000002c0       0x2c /Applications/ArmGNUToolchain/15.2.rel1/arm-none-eabi/bin/../lib/gcc/arm-none-eabi/15.2.1/../../../../arm-none-eabi/lib/thumb/v7-m/nofp/libc_nano.a(libc_a-sbrkr.o)
 .debug_frame   0x000002ec       0x38 /Applications/ArmGNUToolchain/15.2.rel1/arm-none-eabi/bin/../lib/gcc/arm-none-eabi/15.2.1/../../../../arm-none-eabi/lib/thumb/v7-m/nofp/libc_nano.a(libc_a-reent.o)
 .debug_frame   0x00000324       0x38 /Applications/ArmGNUToolchain/15.2.rel1/arm-none-eabi/bin/../lib/gcc/arm-none-eabi/15.2.1/../../../../arm-none-eabi/lib/thumb/v7-m/nofp/libc_nano.a(libc_a-freer.o)
 .debug_frame   0x0000035c      0x1ac CMakeFiles/range-test-rx.dir/Core/Src/main.c.obj
 .debug_frame   0x00000508      0x120 CMakeFiles/range-test-rx.dir/Core/Src/stm32f1xx_it.c.obj
 .debug_frame   0x00000628       0x80 CMakeFiles/range-test-rx.dir/Core/Src/stm32f1xx_hal_msp.c.obj
 .debug_frame   0x000006a8       0x58 CMakeFiles/range-test-rx.dir/Core/Src/system_stm32f1xx.c.obj
 .debug_frame   0x00000700      0x334 CMakeFiles/range-test-rx.dir/Drivers/STM32F1xx_HAL_Driver/Src/stm32f1xx_hal.c.obj
 .debug_frame   0x00000a34      0x218 CMakeFiles/range-test-rx.dir/Drivers/STM32F1xx_HAL_Driver/Src/stm32f1xx_hal_rcc.c.obj
 .debug_frame   0x00000c4c      0x14c CMakeFiles/range-test-rx.dir/Drivers/STM32F1xx_HAL_Driver/Src/stm32f1xx_hal_gpio.c.obj
 .debug_frame   0x00000d98      0x428 CMakeFiles/range-test-rx.dir/Drivers/STM32F1xx_HAL_Driver/Src/stm32f1xx_hal_cortex.c.obj
 .debug_frame   0x000011c0      0x944 CMakeFiles/range-test-rx.dir/Drivers/STM32F1xx_HAL_Driver/Src/stm32f1xx_hal_uart.c.obj
 .debug_frame   0x00001b04       0x7c /Applications/ArmGNUToolchain/15.2.rel1/arm-none-eabi/bin/../lib/gcc/arm-none-eabi/15.2.1/../../../../arm-none-eabi/lib/thumb/v7-m/nofp/libg_nano.a(libc_a-snprintf.o)
 .debug_frame   0x00001b80       0x28 /Applications/ArmGNUToolchain/15.2.rel1/arm-none-eabi/bin/../lib/gcc/arm-none-eabi/15.2.1/../../../../arm-none-eabi/lib/thumb/v7-m/nofp/libg_nano.a(libc_a-strncmp.o)
 .debug_frame   0x00001ba8       0x20 /Applications/ArmGNUToolchain/15.2.rel1/arm-none-eabi/bin/../lib/gcc/arm-none-eabi/15.2.1/../../../../arm-none-eabi/lib/thumb/v7-m/nofp/libg_nano.a(libc_a-strcmp.o)
 .debug_frame   0x00001bc8       0x20 /Applications/ArmGNUToolchain/15.2.rel1/arm-none-eabi/bin/../lib/gcc/arm-none-eabi/15.2.1/../../../../arm-none-eabi/lib/thumb/v7-m/nofp/libg_nano.a(libc_a-strlen.o)
 .debug_frame   0x00001be8       0x90 /Applications/ArmGNUToolchain/15.2.rel1/arm-none-eabi/bin/../lib/gcc/arm-none-eabi/15.2.1/../../../../arm-none-eabi/lib/thumb/v7-m/nofp/libg_nano.a(libc_a-nano-svfprintf.o)
 .debug_frame   0x00001c78       0x60 /Applications/ArmGNUToolchain/15.2.rel1/arm-none-eabi/bin/../lib/gcc/arm-none-eabi/15.2.1/../../../../arm-none-eabi/lib/thumb/v7-m/nofp/libg_nano.a(libc_a-nano-vfprintf_i.o)
 .debug_frame   0x00001cd8       0x3c /Applications/ArmGNUToolchain/15.2.rel1/arm-none-eabi/bin/../lib/gcc/arm-none-eabi/15.2.1/../../../../arm-none-eabi/lib/thumb/v7-m/nofp/libg_nano.a(libc_a-reallocr.o)
 .debug_frame   0x00001d14       0x28 /Applications/ArmGNUToolchain/15.2.rel1/arm-none-eabi/bin/../lib/gcc/arm-none-eabi/15.2.1/../../../../arm-none-eabi/lib/thumb/v7-m/nofp/libg_nano.a(libc_a-memmove.o)
 .debug_frame   0x00001d3c       0x28 /Applications/ArmGNUToolchain/15.2.rel1/arm-none-eabi/bin/../lib/gcc/arm-none-eabi/15.2.1/../../../../arm-none-eabi/lib/thumb/v7-m/nofp/libg_nano.a(libc_a-memchr-stub.o)
 .debug_frame   0x00001d64       0x28 /Applications/ArmGNUToolchain/15.2.rel1/arm-none-eabi/bin/../lib/gcc/arm-none-eabi/15.2.1/../../../../arm-none-eabi/lib/thumb/v7-m/nofp/libg_nano.a(libc_a-memcpy-stub.o)
 .debug_frame   0x00001d8c       0x20 /Applications/ArmGNUToolchain/15.2.rel1/arm-none-eabi/bin/../lib/gcc/arm-none-eabi/15.2.1/../../../../arm-none-eabi/lib/thumb/v7-m/nofp/libg_nano.a(libc_a-msizer.o)
 .debug_frame   0x00001dac       0x20 /Applications/ArmGNUToolchain/15.2.rel1/arm-none-eabi/bin/../lib/gcc/arm-none-eabi/15.2.1/../../../../arm-none-eabi/lib/thumb/v7-m/nofp/libnosys.a(sbrk.o)

.debug_info     0x00000000     0x696d
 .debug_info    0x00000000      0xfe0 CMakeFiles/range-test-rx.dir/Core/Src/main.c.obj
 .debug_info    0x00000fe0      0x14b CMakeFiles/range-test-rx.dir/Core/Src/stm32f1xx_it.c.obj
 .debug_info    0x0000112b      0x7f8 CMakeFiles/range-test-rx.dir/Core/Src/stm32f1xx_hal_msp.c.obj
 .debug_info    0x00001923      0x222 CMakeFiles/range-test-rx.dir/Core/Src/system_stm32f1xx.c.obj
 .debug_info    0x00001b45      0x704 CMakeFiles/range-test-rx.dir/Drivers/STM32F1xx_HAL_Driver/Src/stm32f1xx_hal.c.obj
 .debug_info    0x00002249      0x7d5 CMakeFiles/range-test-rx.dir/Drivers/STM32F1xx_HAL_Driver/Src/stm32f1xx_hal_rcc.c.obj
 .debug_info    0x00002a1e      0x5ab CMakeFiles/range-test-rx.dir/Drivers/STM32F1xx_HAL_Driver/Src/stm32f1xx_hal_gpio.c.obj
 .debug_info    0x00002fc9      0xa87 CMakeFiles/range-test-rx.dir/Drivers/STM32F1xx_HAL_Driver/Src/stm32f1xx_hal_cortex.c.obj
 .debug_info    0x00003a50     0x2eed CMakeFiles/range-test-rx.dir/Drivers/STM32F1xx_HAL_Driver/Src/stm32f1xx_hal_uart.c.obj
 .debug_info    0x0000693d       0x30 CMakeFiles/range-test-rx.dir/Drivers/CMSIS/Device/ST/STM32F1xx/Source/Templates/gcc/startup_stm32f103xb.s.obj

.debug_abbrev   0x00000000     0x1354
 .debug_abbrev  0x00000000      0x338 CMakeFiles/range-test-rx.dir/Core/Src/main.c.obj
 .debug_abbrev  0x00000338       0xa0 CMakeFiles/range-test-rx.dir/Core/Src/stm32f1xx_it.c.obj
 .debug_abbrev  0x000003d8      0x1ab CMakeFiles/range-test-rx.dir/Core/Src/stm32f1xx_hal_msp.c.obj
 .debug_abbrev  0x00000583      0x13f CMakeFiles/range-test-rx.dir/Core/Src/system_stm32f1xx.c.obj
 .debug_abbrev  0x000006c2      0x201 CMakeFiles/range-test-rx.dir/Drivers/STM32F1xx_HAL_Driver/Src/stm32f1xx_hal.c.obj
 .debug_abbrev  0x000008c3      0x2b3 CMakeFiles/range-test-rx.dir/Drivers/STM32F1xx_HAL_Driver/Src/stm32f1xx_hal_rcc.c.obj
 .debug_abbrev  0x00000b76      0x1ca CMakeFiles/range-test-rx.dir/Drivers/STM32F1xx_HAL_Driver/Src/stm32f1xx_hal_gpio.c.obj
 .debug_abbrev  0x00000d40      0x2f8 CMakeFiles/range-test-rx.dir/Drivers/STM32F1xx_HAL_Driver/Src/stm32f1xx_hal_cortex.c.obj
 .debug_abbrev  0x00001038      0x2f8 CMakeFiles/range-test-rx.dir/Drivers/STM32F1xx_HAL_Driver/Src/stm32f1xx_hal_uart.c.obj
 .debug_abbrev  0x00001330       0x24 CMakeFiles/range-test-rx.dir/Drivers/CMSIS/Device/ST/STM32F1xx/Source/Templates/gcc/startup_stm32f103xb.s.obj

.debug_aranges  0x00000000      0x630
 .debug_aranges
                0x00000000       0x78 CMakeFiles/range-test-rx.dir/Core/Src/main.c.obj
 .debug_aranges
                0x00000078       0x68 CMakeFiles/range-test-rx.dir/Core/Src/stm32f1xx_it.c.obj
 .debug_aranges
                0x000000e0       0x30 CMakeFiles/range-test-rx.dir/Core/Src/stm32f1xx_hal_msp.c.obj
 .debug_aranges
                0x00000110       0x28 CMakeFiles/range-test-rx.dir/Core/Src/system_stm32f1xx.c.obj
 .debug_aranges
                0x00000138       0xe0 CMakeFiles/range-test-rx.dir/Drivers/STM32F1xx_HAL_Driver/Src/stm32f1xx_hal.c.obj
 .debug_aranges
                0x00000218       0x90 CMakeFiles/range-test-rx.dir/Drivers/STM32F1xx_HAL_Driver/Src/stm32f1xx_hal_rcc.c.obj
 .debug_aranges
                0x000002a8       0x58 CMakeFiles/range-test-rx.dir/Drivers/STM32F1xx_HAL_Driver/Src/stm32f1xx_hal_gpio.c.obj
 .debug_aranges
                0x00000300      0x100 CMakeFiles/range-test-rx.dir/Drivers/STM32F1xx_HAL_Driver/Src/stm32f1xx_hal_cortex.c.obj
 .debug_aranges
                0x00000400      0x208 CMakeFiles/range-test-rx.dir/Drivers/STM32F1xx_HAL_Driver/Src/stm32f1xx_hal_uart.c.obj
 .debug_aranges
                0x00000608       0x28 CMakeFiles/range-test-rx.dir/Drivers/CMSIS/Device/ST/STM32F1xx/Source/Templates/gcc/startup_stm32f103xb.s.obj

.debug_rnglists
                0x00000000      0x4c9
 .debug_rnglists
                0x00000000       0x69 CMakeFiles/range-test-rx.dir/Core/Src/main.c.obj
 .debug_rnglists
                0x00000069       0x49 CMakeFiles/range-test-rx.dir/Core/Src/stm32f1xx_it.c.obj
 .debug_rnglists
                0x000000b2       0x1f CMakeFiles/range-test-rx.dir/Core/Src/stm32f1xx_hal_msp.c.obj
 .debug_rnglists
                0x000000d1       0x1a CMakeFiles/range-test-rx.dir/Core/Src/system_stm32f1xx.c.obj
 .debug_rnglists
                0x000000eb       0xa3 CMakeFiles/range-test-rx.dir/Drivers/STM32F1xx_HAL_Driver/Src/stm32f1xx_hal.c.obj
 .debug_rnglists
                0x0000018e       0x6c CMakeFiles/range-test-rx.dir/Drivers/STM32F1xx_HAL_Driver/Src/stm32f1xx_hal_rcc.c.obj
 .debug_rnglists
                0x000001fa       0x3f CMakeFiles/range-test-rx.dir/Drivers/STM32F1xx_HAL_Driver/Src/stm32f1xx_hal_gpio.c.obj
 .debug_rnglists
                0x00000239       0xbb CMakeFiles/range-test-rx.dir/Drivers/STM32F1xx_HAL_Driver/Src/stm32f1xx_hal_cortex.c.obj
 .debug_rnglists
                0x000002f4      0x1bc CMakeFiles/range-test-rx.dir/Drivers/STM32F1xx_HAL_Driver/Src/stm32f1xx_hal_uart.c.obj
 .debug_rnglists
                0x000004b0       0x19 CMakeFiles/range-test-rx.dir/Drivers/CMSIS/Device/ST/STM32F1xx/Source/Templates/gcc/startup_stm32f103xb.s.obj

.debug_macro    0x00000000    0x168b2
 .debug_macro   0x00000000      0x29d CMakeFiles/range-test-rx.dir/Core/Src/main.c.obj
 .debug_macro   0x0000029d      0xad8 CMakeFiles/range-test-rx.dir/Core/Src/main.c.obj
 .debug_macro   0x00000d75      0x215 CMakeFiles/range-test-rx.dir/Core/Src/main.c.obj
 .debug_macro   0x00000f8a       0x2e CMakeFiles/range-test-rx.dir/Core/Src/main.c.obj
 .debug_macro   0x00000fb8       0x22 CMakeFiles/range-test-rx.dir/Core/Src/main.c.obj
 .debug_macro   0x00000fda       0x22 CMakeFiles/range-test-rx.dir/Core/Src/main.c.obj
 .debug_macro   0x00000ffc       0x8e CMakeFiles/range-test-rx.dir/Core/Src/main.c.obj
 .debug_macro   0x0000108a       0x51 CMakeFiles/range-test-rx.dir/Core/Src/main.c.obj
 .debug_macro   0x000010db      0x103 CMakeFiles/range-test-rx.dir/Core/Src/main.c.obj
 .debug_macro   0x000011de       0x6a CMakeFiles/range-test-rx.dir/Core/Src/main.c.obj
 .debug_macro   0x00001248      0x1df CMakeFiles/range-test-rx.dir/Core/Src/main.c.obj
 .debug_macro   0x00001427       0x1c CMakeFiles/range-test-rx.dir/Core/Src/main.c.obj
 .debug_macro   0x00001443       0x22 CMakeFiles/range-test-rx.dir/Core/Src/main.c.obj
 .debug_macro   0x00001465       0xbd CMakeFiles/range-test-rx.dir/Core/Src/main.c.obj
 .debug_macro   0x00001522      0xd23 CMakeFiles/range-test-rx.dir/Core/Src/main.c.obj
 .debug_macro   0x00002245     0xe09e CMakeFiles/range-test-rx.dir/Core/Src/main.c.obj
 .debug_macro   0x000102e3       0x6d CMakeFiles/range-test-rx.dir/Core/Src/main.c.obj
 .debug_macro   0x00010350     0x34a2 CMakeFiles/range-test-rx.dir/Core/Src/main.c.obj
 .debug_macro   0x000137f2      0x190 CMakeFiles/range-test-rx.dir/Core/Src/main.c.obj
 .debug_macro   0x00013982       0x5c CMakeFiles/range-test-rx.dir/Core/Src/main.c.obj
 .debug_macro   0x000139de      0x5bc CMakeFiles/range-test-rx.dir/Core/Src/main.c.obj
 .debug_macro   0x00013f9a      0x289 CMakeFiles/range-test-rx.dir/Core/Src/main.c.obj
 .debug_macro   0x00014223      0x1cb CMakeFiles/range-test-rx.dir/Core/Src/main.c.obj
 .debug_macro   0x000143ee      0x114 CMakeFiles/range-test-rx.dir/Core/Src/main.c.obj
 .debug_macro   0x00014502      0x1b2 CMakeFiles/range-test-rx.dir/Core/Src/main.c.obj
 .debug_macro   0x000146b4       0x27 CMakeFiles/range-test-rx.dir/Core/Src/main.c.obj
 .debug_macro   0x000146db      0x136 CMakeFiles/range-test-rx.dir/Core/Src/main.c.obj
 .debug_macro   0x00014811      0x1bc CMakeFiles/range-test-rx.dir/Core/Src/main.c.obj
 .debug_macro   0x000149cd       0x34 CMakeFiles/range-test-rx.dir/Core/Src/main.c.obj
 .debug_macro   0x00014a01       0x3c CMakeFiles/range-test-rx.dir/Core/Src/main.c.obj
 .debug_macro   0x00014a3d       0x57 CMakeFiles/range-test-rx.dir/Core/Src/main.c.obj
 .debug_macro   0x00014a94       0x87 CMakeFiles/range-test-rx.dir/Core/Src/main.c.obj
 .debug_macro   0x00014b1b      0x240 CMakeFiles/range-test-rx.dir/Core/Src/main.c.obj
 .debug_macro   0x00014d5b      0x140 CMakeFiles/range-test-rx.dir/Core/Src/main.c.obj
 .debug_macro   0x00014e9b      0x28e CMakeFiles/range-test-rx.dir/Core/Src/main.c.obj
 .debug_macro   0x00015129       0x83 CMakeFiles/range-test-rx.dir/Core/Src/main.c.obj
 .debug_macro   0x000151ac       0x5e CMakeFiles/range-test-rx.dir/Core/Src/main.c.obj
 .debug_macro   0x0001520a       0x7b CMakeFiles/range-test-rx.dir/Core/Src/main.c.obj
 .debug_macro   0x00015285       0x24 CMakeFiles/range-test-rx.dir/Core/Src/main.c.obj
 .debug_macro   0x000152a9       0x3c CMakeFiles/range-test-rx.dir/Core/Src/main.c.obj
 .debug_macro   0x000152e5       0x34 CMakeFiles/range-test-rx.dir/Core/Src/main.c.obj
 .debug_macro   0x00015319      0x364 CMakeFiles/range-test-rx.dir/Core/Src/main.c.obj
 .debug_macro   0x0001567d       0x16 CMakeFiles/range-test-rx.dir/Core/Src/main.c.obj
 .debug_macro   0x00015693       0x4a CMakeFiles/range-test-rx.dir/Core/Src/main.c.obj
 .debug_macro   0x000156dd       0x34 CMakeFiles/range-test-rx.dir/Core/Src/main.c.obj
 .debug_macro   0x00015711       0x10 CMakeFiles/range-test-rx.dir/Core/Src/main.c.obj
 .debug_macro   0x00015721       0x58 CMakeFiles/range-test-rx.dir/Core/Src/main.c.obj
 .debug_macro   0x00015779      0x1e5 CMakeFiles/range-test-rx.dir/Core/Src/main.c.obj
 .debug_macro   0x0001595e       0x10 CMakeFiles/range-test-rx.dir/Core/Src/main.c.obj
 .debug_macro   0x0001596e       0x3c CMakeFiles/range-test-rx.dir/Core/Src/main.c.obj
 .debug_macro   0x000159aa       0x1c CMakeFiles/range-test-rx.dir/Core/Src/main.c.obj
 .debug_macro   0x000159c6       0x10 CMakeFiles/range-test-rx.dir/Core/Src/main.c.obj
 .debug_macro   0x000159d6       0x1c CMakeFiles/range-test-rx.dir/Core/Src/main.c.obj
 .debug_macro   0x000159f2       0x16 CMakeFiles/range-test-rx.dir/Core/Src/main.c.obj
 .debug_macro   0x00015a08      0x170 CMakeFiles/range-test-rx.dir/Core/Src/main.c.obj
 .debug_macro   0x00015b78      0x1a7 CMakeFiles/range-test-rx.dir/Core/Src/stm32f1xx_it.c.obj
 .debug_macro   0x00015d1f      0x19d CMakeFiles/range-test-rx.dir/Core/Src/stm32f1xx_hal_msp.c.obj
 .debug_macro   0x00015ebc      0x18e CMakeFiles/range-test-rx.dir/Core/Src/system_stm32f1xx.c.obj
 .debug_macro   0x0001604a      0x1b2 CMakeFiles/range-test-rx.dir/Drivers/STM32F1xx_HAL_Driver/Src/stm32f1xx_hal.c.obj
 .debug_macro   0x000161fc      0x1a0 CMakeFiles/range-test-rx.dir/Drivers/STM32F1xx_HAL_Driver/Src/stm32f1xx_hal_rcc.c.obj
 .debug_macro   0x0001639c      0x1f9 CMakeFiles/range-test-rx.dir/Drivers/STM32F1xx_HAL_Driver/Src/stm32f1xx_hal_gpio.c.obj
 .debug_macro   0x00016595      0x18e CMakeFiles/range-test-rx.dir/Drivers/STM32F1xx_HAL_Driver/Src/stm32f1xx_hal_cortex.c.obj
 .debug_macro   0x00016723      0x18f CMakeFiles/range-test-rx.dir/Drivers/STM32F1xx_HAL_Driver/Src/stm32f1xx_hal_uart.c.obj

.debug_line     0x00000000     0x6a34
 .debug_line    0x00000000      0xabf CMakeFiles/range-test-rx.dir/Core/Src/main.c.obj
 .debug_line    0x00000abf      0x689 CMakeFiles/range-test-rx.dir/Core/Src/stm32f1xx_it.c.obj
 .debug_line    0x00001148      0x60c CMakeFiles/range-test-rx.dir/Core/Src/stm32f1xx_hal_msp.c.obj
 .debug_line    0x00001754      0x641 CMakeFiles/range-test-rx.dir/Core/Src/system_stm32f1xx.c.obj
 .debug_line    0x00001d95      0x875 CMakeFiles/range-test-rx.dir/Drivers/STM32F1xx_HAL_Driver/Src/stm32f1xx_hal.c.obj
 .debug_line    0x0000260a      0xd2b CMakeFiles/range-test-rx.dir/Drivers/STM32F1xx_HAL_Driver/Src/stm32f1xx_hal_rcc.c.obj
 .debug_line    0x00003335      0x8ab CMakeFiles/range-test-rx.dir/Drivers/STM32F1xx_HAL_Driver/Src/stm32f1xx_hal_gpio.c.obj
 .debug_line    0x00003be0      0xa4e CMakeFiles/range-test-rx.dir/Drivers/STM32F1xx_HAL_Driver/Src/stm32f1xx_hal_cortex.c.obj
 .debug_line    0x0000462e     0x238e CMakeFiles/range-test-rx.dir/Drivers/STM32F1xx_HAL_Driver/Src/stm32f1xx_hal_uart.c.obj
 .debug_line    0x000069bc       0x78 CMakeFiles/range-test-rx.dir/Drivers/CMSIS/Device/ST/STM32F1xx/Source/Templates/gcc/startup_stm32f103xb.s.obj

.debug_str      0x00000000    0x81969
 .debug_str     0x00000000    0x81969 CMakeFiles/range-test-rx.dir/Core/Src/main.c.obj
                              0x80849 (size before relaxing)
 .debug_str     0x00081969        0x0 CMakeFiles/range-test-rx.dir/Core/Src/stm32f1xx_it.c.obj
                              0x7cc0a (size before relaxing)
 .debug_str     0x00081969        0x0 CMakeFiles/range-test-rx.dir/Core/Src/stm32f1xx_hal_msp.c.obj
                              0x7d038 (size before relaxing)
 .debug_str     0x00081969        0x0 CMakeFiles/range-test-rx.dir/Core/Src/system_stm32f1xx.c.obj
                              0x7ca9c (size before relaxing)
 .debug_str     0x00081969        0x0 CMakeFiles/range-test-rx.dir/Drivers/STM32F1xx_HAL_Driver/Src/stm32f1xx_hal.c.obj
                              0x7d1cf (size before relaxing)
 .debug_str     0x00081969        0x0 CMakeFiles/range-test-rx.dir/Drivers/STM32F1xx_HAL_Driver/Src/stm32f1xx_hal_rcc.c.obj
                              0x7cecb (size before relaxing)
 .debug_str     0x00081969        0x0 CMakeFiles/range-test-rx.dir/Drivers/STM32F1xx_HAL_Driver/Src/stm32f1xx_hal_gpio.c.obj
                              0x7ce22 (size before relaxing)
 .debug_str     0x00081969        0x0 CMakeFiles/range-test-rx.dir/Drivers/STM32F1xx_HAL_Driver/Src/stm32f1xx_hal_cortex.c.obj
                              0x7d11b (size before relaxing)
 .debug_str     0x00081969        0x0 CMakeFiles/range-test-rx.dir/Drivers/STM32F1xx_HAL_Driver/Src/stm32f1xx_hal_uart.c.obj
                              0x7d53c (size before relaxing)
 .debug_str     0x00081969        0x0 CMakeFiles/range-test-rx.dir/Drivers/CMSIS/Device/ST/STM32F1xx/Source/Templates/gcc/startup_stm32f103xb.s.obj
                                 0xd1 (size before relaxing)

.comment        0x00000000       0x45
 .comment       0x00000000       0x45 CMakeFiles/range-test-rx.dir/Core/Src/main.c.obj
                                 0x46 (size before relaxing)
 .comment       0x00000045        0x0 CMakeFiles/range-test-rx.dir/Core/Src/stm32f1xx_it.c.obj
                                 0x46 (size before relaxing)
 .comment       0x00000045        0x0 CMakeFiles/range-test-rx.dir/Core/Src/stm32f1xx_hal_msp.c.obj
                                 0x46 (size before relaxing)
 .comment       0x00000045        0x0 CMakeFiles/range-test-rx.dir/Core/Src/system_stm32f1xx.c.obj
                                 0x46 (size before relaxing)
 .comment       0x00000045        0x0 CMakeFiles/range-test-rx.dir/Drivers/STM32F1xx_HAL_Driver/Src/stm32f1xx_hal.c.obj
                                 0x46 (size before relaxing)
 .comment       0x00000045        0x0 CMakeFiles/range-test-rx.dir/Drivers/STM32F1xx_HAL_Driver/Src/stm32f1xx_hal_rcc.c.obj
                                 0x46 (size before relaxing)
 .comment       0x00000045        0x0 CMakeFiles/range-test-rx.dir/Drivers/STM32F1xx_HAL_Driver/Src/stm32f1xx_hal_gpio.c.obj
                                 0x46 (size before relaxing)
 .comment       0x00000045        0x0 CMakeFiles/range-test-rx.dir/Drivers/STM32F1xx_HAL_Driver/Src/stm32f1xx_hal_cortex.c.obj
                                 0x46 (size before relaxing)
 .comment       0x00000045        0x0 CMakeFiles/range-test-rx.dir/Drivers/STM32F1xx_HAL_Driver/Src/stm32f1xx_hal_uart.c.obj
                                 0x46 (size before relaxing)

.debug_line_str
                0x00000000      0x1b7
 .debug_line_str
                0x00000000      0x1b7 CMakeFiles/range-test-rx.dir/Drivers/CMSIS/Device/ST/STM32F1xx/Source/Templates/gcc/startup_stm32f103xb.s.obj
                                 0xb5 (size before relaxing)
 .debug_line_str
                0x000001b7        0x0 /Applications/ArmGNUToolchain/15.2.rel1/arm-none-eabi/bin/../lib/gcc/arm-none-eabi/15.2.1/../../../../arm-none-eabi/lib/thumb/v7-m/nofp/libg_nano.a(libc_a-strcmp.o)
                                 0xef (size before relaxing)
 .debug_line_str
                0x000001b7        0x0 /Applications/ArmGNUToolchain/15.2.rel1/arm-none-eabi/bin/../lib/gcc/arm-none-eabi/15.2.1/../../../../arm-none-eabi/lib/thumb/v7-m/nofp/libg_nano.a(libc_a-strlen.o)
                                 0xf0 (size before relaxing)
